Component: ARM Compiler 5.06 update 6 (build 750) Tool: armlink [4d35ed]

==============================================================================

Section Cross References

    can.o(i.CAN1_Init) refers to stm32f4xx_rcc.o(i.RCC_AHB1PeriphClockCmd) for RCC_AHB1PeriphClockCmd
    can.o(i.CAN1_Init) refers to stm32f4xx_rcc.o(i.RCC_APB1PeriphClockCmd) for RCC_APB1PeriphClockCmd
    can.o(i.CAN1_Init) refers to stm32f4xx_gpio.o(i.GPIO_Init) for GPIO_Init
    can.o(i.CAN1_Init) refers to stm32f4xx_gpio.o(i.GPIO_PinAFConfig) for GPIO_PinAFConfig
    can.o(i.CAN1_Init) refers to stm32f4xx_can.o(i.CAN_DeInit) for CAN_DeInit
    can.o(i.CAN1_Init) refers to stm32f4xx_can.o(i.CAN_Init) for CAN_Init
    can.o(i.CAN1_Init) refers to stm32f4xx_can.o(i.CAN_FilterInit) for CAN_FilterInit
    can.o(i.CAN1_SendMsg) refers to stm32f4xx_can.o(i.CAN_Transmit) for CAN_Transmit
    usart.o(i.UART2_Init) refers to stm32f4xx_rcc.o(i.RCC_AHB1PeriphClockCmd) for RCC_AHB1PeriphClockCmd
    usart.o(i.UART2_Init) refers to stm32f4xx_rcc.o(i.RCC_APB1PeriphClockCmd) for RCC_APB1PeriphClockCmd
    usart.o(i.UART2_Init) refers to stm32f4xx_gpio.o(i.GPIO_Init) for GPIO_Init
    usart.o(i.UART2_Init) refers to stm32f4xx_gpio.o(i.GPIO_PinAFConfig) for GPIO_PinAFConfig
    usart.o(i.UART2_Init) refers to stm32f4xx_usart.o(i.USART_DeInit) for USART_DeInit
    usart.o(i.UART2_Init) refers to stm32f4xx_usart.o(i.USART_Init) for USART_Init
    usart.o(i.UART2_Init) refers to stm32f4xx_usart.o(i.USART_Cmd) for USART_Cmd
    usart.o(i.fgetc) refers to stm32f4xx_usart.o(i.USART_GetFlagStatus) for USART_GetFlagStatus
    usart.o(i.fgetc) refers to stm32f4xx_usart.o(i.USART_ReceiveData) for USART_ReceiveData
    usart.o(i.fputc) refers to stm32f4xx_usart.o(i.USART_SendData) for USART_SendData
    usart.o(i.fputc) refers to stm32f4xx_usart.o(i.USART_GetFlagStatus) for USART_GetFlagStatus
    dht11.o(i.DHT11_Init) refers to stm32f4xx_rcc.o(i.RCC_AHB1PeriphClockCmd) for RCC_AHB1PeriphClockCmd
    dht11.o(i.DHT11_Init) refers to dht11.o(i.DHT11_Mode_OUT) for DHT11_Mode_OUT
    dht11.o(i.DHT11_Init) refers to stm32f4xx_gpio.o(i.GPIO_SetBits) for GPIO_SetBits
    dht11.o(i.DHT11_Mode_IN) refers to stm32f4xx_gpio.o(i.GPIO_Init) for GPIO_Init
    dht11.o(i.DHT11_Mode_OUT) refers to stm32f4xx_gpio.o(i.GPIO_Init) for GPIO_Init
    dht11.o(i.DHT11_ReadBit) refers to dht11.o(i.DHT11_WaitFor) for DHT11_WaitFor
    dht11.o(i.DHT11_ReadBit) refers to delay.o(i.delay_us) for delay_us
    dht11.o(i.DHT11_ReadBit) refers to stm32f4xx_gpio.o(i.GPIO_ReadInputDataBit) for GPIO_ReadInputDataBit
    dht11.o(i.DHT11_ReadByte) refers to dht11.o(i.DHT11_ReadBit) for DHT11_ReadBit
    dht11.o(i.DHT11_ReadData) refers to dht11.o(i.DHT11_Mode_OUT) for DHT11_Mode_OUT
    dht11.o(i.DHT11_ReadData) refers to stm32f4xx_gpio.o(i.GPIO_SetBits) for GPIO_SetBits
    dht11.o(i.DHT11_ReadData) refers to stm32f4xx_gpio.o(i.GPIO_ResetBits) for GPIO_ResetBits
    dht11.o(i.DHT11_ReadData) refers to delay.o(i.delay_ms) for delay_ms
    dht11.o(i.DHT11_ReadData) refers to delay.o(i.delay_us) for delay_us
    dht11.o(i.DHT11_ReadData) refers to dht11.o(i.DHT11_Mode_IN) for DHT11_Mode_IN
    dht11.o(i.DHT11_ReadData) refers to dht11.o(i.DHT11_WaitFor) for DHT11_WaitFor
    dht11.o(i.DHT11_ReadData) refers to dht11.o(i.DHT11_ReadByte) for DHT11_ReadByte
    dht11.o(i.DHT11_WaitFor) refers to delay.o(i.delay_us) for delay_us
    dht11.o(i.DHT11_WaitFor) refers to stm32f4xx_gpio.o(i.GPIO_ReadInputDataBit) for GPIO_ReadInputDataBit
    key_led.o(i.KEY_LED_Init) refers to stm32f4xx_rcc.o(i.RCC_AHB1PeriphClockCmd) for RCC_AHB1PeriphClockCmd
    key_led.o(i.KEY_LED_Init) refers to stm32f4xx_gpio.o(i.GPIO_Init) for GPIO_Init
    key_led.o(i.KEY_LED_Init) refers to stm32f4xx_gpio.o(i.GPIO_SetBits) for GPIO_SetBits
    key_led.o(i.KEY_Scan) refers to stm32f4xx_gpio.o(i.GPIO_ReadInputDataBit) for GPIO_ReadInputDataBit
    key_led.o(i.KEY_Scan) refers to delay.o(i.delay_ms) for delay_ms
    beep.o(i.BEEP_Init) refers to stm32f4xx_rcc.o(i.RCC_AHB1PeriphClockCmd) for RCC_AHB1PeriphClockCmd
    beep.o(i.BEEP_Init) refers to stm32f4xx_gpio.o(i.GPIO_Init) for GPIO_Init
    beep.o(i.BEEP_Init) refers to stm32f4xx_gpio.o(i.GPIO_SetBits) for GPIO_SetBits
    lcd_fonts.o(i.LCD_GetFontEN) refers to lcd_fonts.o(.data) for g_LCD_FontEN
    lcd_fonts.o(i.LCD_GetMaskEN) refers to lcd_fonts.o(.data) for g_LCD_FontEN
    lcd_fonts.o(i.LCD_SetFontEN) refers to lcd_fonts.o(.data) for g_LCD_FontEN
    lcd_fonts.o(.data) refers to lcd_fonts.o(.constdata) for ASCII8x16_Table
    lcd_ili9341.o(i.ILI9341_BackLight) refers to stm32f4xx_gpio.o(i.GPIO_ResetBits) for GPIO_ResetBits
    lcd_ili9341.o(i.ILI9341_BackLight) refers to stm32f4xx_gpio.o(i.GPIO_SetBits) for GPIO_SetBits
    lcd_ili9341.o(i.ILI9341_FSMC_Config) refers to stm32f4xx_rcc.o(i.RCC_AHB3PeriphClockCmd) for RCC_AHB3PeriphClockCmd
    lcd_ili9341.o(i.ILI9341_FSMC_Config) refers to stm32f4xx_fsmc.o(i.FSMC_NORSRAMInit) for FSMC_NORSRAMInit
[...]
    Removing stm32f4xx_rtc.o(i.RTC_ByteToBcd2), (28 bytes).
    Removing stm32f4xx_rtc.o(i.RTC_CalibOutputCmd), (60 bytes).
    Removing stm32f4xx_rtc.o(i.RTC_CalibOutputConfig), (48 bytes).
    Removing stm32f4xx_rtc.o(i.RTC_ClearFlag), (28 bytes).
    Removing stm32f4xx_rtc.o(i.RTC_ClearITPendingBit), (32 bytes).
    Removing stm32f4xx_rtc.o(i.RTC_CoarseCalibCmd), (80 bytes).
    Removing stm32f4xx_rtc.o(i.RTC_CoarseCalibConfig), (56 bytes).
    Removing stm32f4xx_rtc.o(i.RTC_DateStructInit), (14 bytes).
    Removing stm32f4xx_rtc.o(i.RTC_DayLightSavingConfig), (56 bytes).
    Removing stm32f4xx_rtc.o(i.RTC_DeInit), (212 bytes).
    Removing stm32f4xx_rtc.o(i.RTC_EnterInitMode), (80 bytes).
    Removing stm32f4xx_rtc.o(i.RTC_ExitInitMode), (20 bytes).
    Removing stm32f4xx_rtc.o(i.RTC_GetAlarm), (116 bytes).
    Removing stm32f4xx_rtc.o(i.RTC_GetAlarmSubSecond), (36 bytes).
    Removing stm32f4xx_rtc.o(i.RTC_GetDate), (76 bytes).
    Removing stm32f4xx_rtc.o(i.RTC_GetFlagStatus), (40 bytes).
    Removing stm32f4xx_rtc.o(i.RTC_GetITStatus), (64 bytes).
    Removing stm32f4xx_rtc.o(i.RTC_GetStoreOperation), (16 bytes).
    Removing stm32f4xx_rtc.o(i.RTC_GetSubSecond), (20 bytes).
    Removing stm32f4xx_rtc.o(i.RTC_GetTime), (80 bytes).
    Removing stm32f4xx_rtc.o(i.RTC_GetTimeStamp), (156 bytes).
    Removing stm32f4xx_rtc.o(i.RTC_GetTimeStampSubSecond), (12 bytes).
    Removing stm32f4xx_rtc.o(i.RTC_GetWakeUpCounter), (12 bytes).
    Removing stm32f4xx_rtc.o(i.RTC_ITConfig), (100 bytes).
    Removing stm32f4xx_rtc.o(i.RTC_Init), (100 bytes).
    Removing stm32f4xx_rtc.o(i.RTC_OutputConfig), (56 bytes).
    Removing stm32f4xx_rtc.o(i.RTC_OutputTypeConfig), (28 bytes).
    Removing stm32f4xx_rtc.o(i.RTC_ReadBackupRegister), (32 bytes).
    Removing stm32f4xx_rtc.o(i.RTC_RefClockCmd), (80 bytes).
    Removing stm32f4xx_rtc.o(i.RTC_SetAlarm), (236 bytes).
    Removing stm32f4xx_rtc.o(i.RTC_SetDate), (200 bytes).
    Removing stm32f4xx_rtc.o(i.RTC_SetTime), (208 bytes).
    Removing stm32f4xx_rtc.o(i.RTC_SetWakeUpCounter), (28 bytes).
    Removing stm32f4xx_rtc.o(i.RTC_SmoothCalibConfig), (96 bytes).
    Removing stm32f4xx_rtc.o(i.RTC_StructInit), (14 bytes).
    Removing stm32f4xx_rtc.o(i.RTC_SynchroShiftConfig), (124 bytes).
    Removing stm32f4xx_rtc.o(i.RTC_TamperCmd), (32 bytes).
    Removing stm32f4xx_rtc.o(i.RTC_TamperFilterConfig), (28 bytes).
    Removing stm32f4xx_rtc.o(i.RTC_TamperPinSelection), (28 bytes).
    Removing stm32f4xx_rtc.o(i.RTC_TamperPinsPrechargeDuration), (28 bytes).
    Removing stm32f4xx_rtc.o(i.RTC_TamperPullUpCmd), (36 bytes).
    Removing stm32f4xx_rtc.o(i.RTC_TamperSamplingFreqConfig), (28 bytes).
    Removing stm32f4xx_rtc.o(i.RTC_TamperTriggerConfig), (36 bytes).
    Removing stm32f4xx_rtc.o(i.RTC_TimeStampCmd), (56 bytes).
    Removing stm32f4xx_rtc.o(i.RTC_TimeStampOnTamperDetectionCmd), (36 bytes).
    Removing stm32f4xx_rtc.o(i.RTC_TimeStampPinSelection), (28 bytes).
    Removing stm32f4xx_rtc.o(i.RTC_TimeStructInit), (12 bytes).
    Removing stm32f4xx_rtc.o(i.RTC_WaitForSynchro), (96 bytes).
    Removing stm32f4xx_rtc.o(i.RTC_WakeUpClockConfig), (48 bytes).
    Removing stm32f4xx_rtc.o(i.RTC_WakeUpCmd), (120 bytes).
    Removing stm32f4xx_rtc.o(i.RTC_WriteBackupRegister), (28 bytes).
    Removing stm32f4xx_rtc.o(i.RTC_WriteProtectionCmd), (28 bytes).
    Removing stm32f4xx_sai.o(.rev16_text), (4 bytes).
    Removing stm32f4xx_sai.o(.revsh_text), (4 bytes).
    Removing stm32f4xx_sai.o(i.SAI_ClearFlag), (8 bytes).
    Removing stm32f4xx_sai.o(i.SAI_ClearITPendingBit), (8 bytes).
    Removing stm32f4xx_sai.o(i.SAI_Cmd), (22 bytes).
    Removing stm32f4xx_sai.o(i.SAI_CompandingModeConfig), (16 bytes).
    Removing stm32f4xx_sai.o(i.SAI_DMACmd), (22 bytes).
    Removing stm32f4xx_sai.o(i.SAI_DeInit), (24 bytes).
    Removing stm32f4xx_sai.o(i.SAI_FlushFIFO), (10 bytes).
    Removing stm32f4xx_sai.o(i.SAI_FrameInit), (44 bytes).
    Removing stm32f4xx_sai.o(i.SAI_FrameStructInit), (18 bytes).
    Removing stm32f4xx_sai.o(i.SAI_GetCmdStatus), (20 bytes).
    Removing stm32f4xx_sai.o(i.SAI_GetFIFOStatus), (12 bytes).
    Removing stm32f4xx_sai.o(i.SAI_GetFlagStatus), (18 bytes).
    Removing stm32f4xx_sai.o(i.SAI_GetITStatus), (30 bytes).
    Removing stm32f4xx_sai.o(i.SAI_ITConfig), (18 bytes).
    Removing stm32f4xx_sai.o(i.SAI_Init), (72 bytes).
    Removing stm32f4xx_sai.o(i.SAI_MonoModeConfig), (18 bytes).
    Removing stm32f4xx_sai.o(i.SAI_MuteFrameCounterConfig), (18 bytes).
    Removing stm32f4xx_sai.o(i.SAI_MuteModeCmd), (22 bytes).
    Removing stm32f4xx_sai.o(i.SAI_MuteValueConfig), (16 bytes).
    Removing stm32f4xx_sai.o(i.SAI_ReceiveData), (6 bytes).
    Removing stm32f4xx_sai.o(i.SAI_SendData), (4 bytes).
    Removing stm32f4xx_sai.o(i.SAI_SlotInit), (36 bytes).
    Removing stm32f4xx_sai.o(i.SAI_SlotStructInit), (16 bytes).
    Removing stm32f4xx_sai.o(i.SAI_StructInit), (28 bytes).
    Removing stm32f4xx_sai.o(i.SAI_TRIStateConfig), (18 bytes).
    Removing stm32f4xx_sdio.o(.rev16_text), (4 bytes).
    Removing stm32f4xx_sdio.o(.revsh_text), (4 bytes).
    Removing stm32f4xx_sdio.o(i.SDIO_CEATAITCmd), (16 bytes).
    Removing stm32f4xx_sdio.o(i.SDIO_ClearFlag), (12 bytes).
    Removing stm32f4xx_sdio.o(i.SDIO_ClearITPendingBit), (12 bytes).
    Removing stm32f4xx_sdio.o(i.SDIO_ClockCmd), (12 bytes).
    Removing stm32f4xx_sdio.o(i.SDIO_CmdStructInit), (14 bytes).
    Removing stm32f4xx_sdio.o(i.SDIO_CommandCompletionCmd), (12 bytes).
    Removing stm32f4xx_sdio.o(i.SDIO_DMACmd), (12 bytes).
    Removing stm32f4xx_sdio.o(i.SDIO_DataConfig), (52 bytes).
    Removing stm32f4xx_sdio.o(i.SDIO_DataStructInit), (20 bytes).
    Removing stm32f4xx_sdio.o(i.SDIO_DeInit), (22 bytes).
    Removing stm32f4xx_sdio.o(i.SDIO_GetCommandResponse), (12 bytes).
    Removing stm32f4xx_sdio.o(i.SDIO_GetDataCounter), (12 bytes).
    Removing stm32f4xx_sdio.o(i.SDIO_GetFIFOCount), (12 bytes).
    Removing stm32f4xx_sdio.o(i.SDIO_GetFlagStatus), (24 bytes).
    Removing stm32f4xx_sdio.o(i.SDIO_GetITStatus), (24 bytes).
    Removing stm32f4xx_sdio.o(i.SDIO_GetPowerState), (16 bytes).
    Removing stm32f4xx_sdio.o(i.SDIO_GetResponse), (24 bytes).
    Removing stm32f4xx_sdio.o(i.SDIO_ITConfig), (32 bytes).
    Removing stm32f4xx_sdio.o(i.SDIO_Init), (48 bytes).
    Removing stm32f4xx_sdio.o(i.SDIO_ReadData), (12 bytes).
    Removing stm32f4xx_sdio.o(i.SDIO_SendCEATACmd), (12 bytes).
    Removing stm32f4xx_sdio.o(i.SDIO_SendCommand), (44 bytes).
    Removing stm32f4xx_sdio.o(i.SDIO_SendSDIOSuspendCmd), (12 bytes).
    Removing stm32f4xx_sdio.o(i.SDIO_SetPowerState), (12 bytes).
    Removing stm32f4xx_sdio.o(i.SDIO_SetSDIOOperation), (12 bytes).
    Removing stm32f4xx_sdio.o(i.SDIO_SetSDIOReadWaitMode), (12 bytes).
    Removing stm32f4xx_sdio.o(i.SDIO_StartSDIOReadWait), (12 bytes).
    Removing stm32f4xx_sdio.o(i.SDIO_StopSDIOReadWait), (12 bytes).
    Removing stm32f4xx_sdio.o(i.SDIO_StructInit), (16 bytes).
    Removing stm32f4xx_sdio.o(i.SDIO_WriteData), (12 bytes).
    Removing stm32f4xx_spi.o(.rev16_text), (4 bytes).
    Removing stm32f4xx_spi.o(.revsh_text), (4 bytes).
    Removing stm32f4xx_spi.o(i.I2S_Cmd), (24 bytes).
    Removing stm32f4xx_spi.o(i.I2S_FullDuplexConfig), (80 bytes).
    Removing stm32f4xx_spi.o(i.I2S_Init), (408 bytes).
    Removing stm32f4xx_spi.o(i.I2S_StructInit), (20 bytes).
    Removing stm32f4xx_spi.o(i.SPI_BiDirectionalLineConfig), (28 bytes).
    Removing stm32f4xx_spi.o(i.SPI_CalculateCRC), (24 bytes).
    Removing stm32f4xx_spi.o(i.SPI_Cmd), (24 bytes).
    Removing stm32f4xx_spi.o(i.SPI_DataSizeConfig), (18 bytes).
    Removing stm32f4xx_spi.o(i.SPI_GetCRC), (16 bytes).
    Removing stm32f4xx_spi.o(i.SPI_GetCRCPolynomial), (6 bytes).
    Removing stm32f4xx_spi.o(i.SPI_I2S_ClearFlag), (6 bytes).
    Removing stm32f4xx_spi.o(i.SPI_I2S_ClearITPendingBit), (20 bytes).
    Removing stm32f4xx_spi.o(i.SPI_I2S_DMACmd), (18 bytes).
    Removing stm32f4xx_spi.o(i.SPI_I2S_DeInit), (176 bytes).
    Removing stm32f4xx_spi.o(i.SPI_I2S_GetFlagStatus), (18 bytes).
    Removing stm32f4xx_spi.o(i.SPI_I2S_GetITStatus), (52 bytes).
    Removing stm32f4xx_spi.o(i.SPI_I2S_ITConfig), (32 bytes).
    Removing stm32f4xx_spi.o(i.SPI_I2S_ReceiveData), (6 bytes).
    Removing stm32f4xx_spi.o(i.SPI_I2S_SendData), (4 bytes).
    Removing stm32f4xx_spi.o(i.SPI_Init), (60 bytes).
    Removing stm32f4xx_spi.o(i.SPI_NSSInternalSoftwareConfig), (30 bytes).
    Removing stm32f4xx_spi.o(i.SPI_SSOutputCmd), (24 bytes).
    Removing stm32f4xx_spi.o(i.SPI_StructInit), (24 bytes).
    Removing stm32f4xx_spi.o(i.SPI_TIModeCmd), (24 bytes).
    Removing stm32f4xx_spi.o(i.SPI_TransmitCRC), (10 bytes).
    Removing stm32f4xx_syscfg.o(.rev16_text), (4 bytes).
    Removing stm32f4xx_syscfg.o(.revsh_text), (4 bytes).
    Removing stm32f4xx_syscfg.o(i.SYSCFG_CompensationCellCmd), (12 bytes).
    Removing stm32f4xx_syscfg.o(i.SYSCFG_DeInit), (22 bytes).
    Removing stm32f4xx_syscfg.o(i.SYSCFG_ETH_MediaInterfaceConfig), (12 bytes).
    Removing stm32f4xx_syscfg.o(i.SYSCFG_EXTILineConfig), (64 bytes).
    Removing stm32f4xx_syscfg.o(i.SYSCFG_GetCompensationCellStatus), (24 bytes).
    Removing stm32f4xx_syscfg.o(i.SYSCFG_MemoryRemapConfig), (12 bytes).
    Removing stm32f4xx_syscfg.o(i.SYSCFG_MemorySwappingBank), (12 bytes).
    Removing stm32f4xx_tim.o(.rev16_text), (4 bytes).
    Removing stm32f4xx_tim.o(.revsh_text), (4 bytes).
    Removing stm32f4xx_tim.o(i.TI1_Config), (58 bytes).
    Removing stm32f4xx_tim.o(i.TI2_Config), (80 bytes).
    Removing stm32f4xx_tim.o(i.TI3_Config), (72 bytes).
    Removing stm32f4xx_tim.o(i.TI4_Config), (80 bytes).
    Removing stm32f4xx_tim.o(i.TIM_ARRPreloadConfig), (24 bytes).
    Removing stm32f4xx_tim.o(i.TIM_BDTRConfig), (32 bytes).
    Removing stm32f4xx_tim.o(i.TIM_BDTRStructInit), (18 bytes).
    Removing stm32f4xx_tim.o(i.TIM_CCPreloadControl), (24 bytes).
    Removing stm32f4xx_tim.o(i.TIM_CCxCmd), (30 bytes).
    Removing stm32f4xx_tim.o(i.TIM_CCxNCmd), (30 bytes).
    Removing stm32f4xx_tim.o(i.TIM_ClearFlag), (6 bytes).
    Removing stm32f4xx_tim.o(i.TIM_ClearITPendingBit), (6 bytes).
    Removing stm32f4xx_tim.o(i.TIM_ClearOC1Ref), (18 bytes).
    Removing stm32f4xx_tim.o(i.TIM_ClearOC2Ref), (24 bytes).
    Removing stm32f4xx_tim.o(i.TIM_ClearOC3Ref), (18 bytes).
    Removing stm32f4xx_tim.o(i.TIM_ClearOC4Ref), (24 bytes).
    Removing stm32f4xx_tim.o(i.TIM_Cmd), (24 bytes).
    Removing stm32f4xx_tim.o(i.TIM_CounterModeConfig), (18 bytes).
    Removing stm32f4xx_tim.o(i.TIM_CtrlPWMOutputs), (30 bytes).
    Removing stm32f4xx_tim.o(i.TIM_DMACmd), (18 bytes).
    Removing stm32f4xx_tim.o(i.TIM_DMAConfig), (10 bytes).
    Removing stm32f4xx_tim.o(i.TIM_DeInit), (400 bytes).
    Removing stm32f4xx_tim.o(i.TIM_ETRClockMode1Config), (54 bytes).
    Removing stm32f4xx_tim.o(i.TIM_ETRClockMode2Config), (32 bytes).
    Removing stm32f4xx_tim.o(i.TIM_ETRConfig), (28 bytes).
    Removing stm32f4xx_tim.o(i.TIM_EncoderInterfaceConfig), (66 bytes).
    Removing stm32f4xx_tim.o(i.TIM_ForcedOC1Config), (18 bytes).
    Removing stm32f4xx_tim.o(i.TIM_ForcedOC2Config), (26 bytes).
    Removing stm32f4xx_tim.o(i.TIM_ForcedOC3Config), (18 bytes).
    Removing stm32f4xx_tim.o(i.TIM_ForcedOC4Config), (26 bytes).
    Removing stm32f4xx_tim.o(i.TIM_GenerateEvent), (4 bytes).
    Removing stm32f4xx_tim.o(i.TIM_GetCapture1), (6 bytes).
    Removing stm32f4xx_tim.o(i.TIM_GetCapture2), (6 bytes).
    Removing stm32f4xx_tim.o(i.TIM_GetCapture3), (6 bytes).
    Removing stm32f4xx_tim.o(i.TIM_GetCapture4), (6 bytes).
    Removing stm32f4xx_tim.o(i.TIM_GetCounter), (6 bytes).
    Removing stm32f4xx_tim.o(i.TIM_GetFlagStatus), (18 bytes).
    Removing stm32f4xx_tim.o(i.TIM_GetITStatus), (34 bytes).
    Removing stm32f4xx_tim.o(i.TIM_GetPrescaler), (6 bytes).
    Removing stm32f4xx_tim.o(i.TIM_ICInit), (110 bytes).
    Removing stm32f4xx_tim.o(i.TIM_ICStructInit), (18 bytes).
    Removing stm32f4xx_tim.o(i.TIM_ITConfig), (18 bytes).
    Removing stm32f4xx_tim.o(i.TIM_ITRxExternalClockConfig), (24 bytes).
    Removing stm32f4xx_tim.o(i.TIM_InternalClockConfig), (12 bytes).
    Removing stm32f4xx_tim.o(i.TIM_OC1FastConfig), (18 bytes).
    Removing stm32f4xx_tim.o(i.TIM_OC1Init), (124 bytes).
    Removing stm32f4xx_tim.o(i.TIM_OC1NPolarityConfig), (18 bytes).
    Removing stm32f4xx_tim.o(i.TIM_OC1PolarityConfig), (18 bytes).
    Removing stm32f4xx_tim.o(i.TIM_OC1PreloadConfig), (18 bytes).
    Removing stm32f4xx_tim.o(i.TIM_OC2FastConfig), (26 bytes).
    Removing stm32f4xx_tim.o(i.TIM_OC2Init), (164 bytes).
    Removing stm32f4xx_tim.o(i.TIM_OC2NPolarityConfig), (26 bytes).
    Removing stm32f4xx_tim.o(i.TIM_OC2PolarityConfig), (26 bytes).
    Removing stm32f4xx_tim.o(i.TIM_OC2PreloadConfig), (26 bytes).
    Removing stm32f4xx_tim.o(i.TIM_OC3FastConfig), (18 bytes).
    Removing stm32f4xx_tim.o(i.TIM_OC3Init), (160 bytes).
    Removing stm32f4xx_tim.o(i.TIM_OC3NPolarityConfig), (26 bytes).
    Removing stm32f4xx_tim.o(i.TIM_OC3PolarityConfig), (26 bytes).
    Removing stm32f4xx_tim.o(i.TIM_OC3PreloadConfig), (18 bytes).
    Removing stm32f4xx_tim.o(i.TIM_OC4FastConfig), (26 bytes).
    Removing stm32f4xx_tim.o(i.TIM_OC4Init), (120 bytes).
    Removing stm32f4xx_tim.o(i.TIM_OC4PolarityConfig), (26 bytes).
    Removing stm32f4xx_tim.o(i.TIM_OC4PreloadConfig), (26 bytes).
    Removing stm32f4xx_tim.o(i.TIM_OCStructInit), (20 bytes).
    Removing stm32f4xx_tim.o(i.TIM_PWMIConfig), (124 bytes).
    Removing stm32f4xx_tim.o(i.TIM_PrescalerConfig), (6 bytes).
    Removing stm32f4xx_tim.o(i.TIM_RemapConfig), (6 bytes).
    Removing stm32f4xx_tim.o(i.TIM_SelectCCDMA), (24 bytes).
    Removing stm32f4xx_tim.o(i.TIM_SelectCOM), (24 bytes).
    Removing stm32f4xx_tim.o(i.TIM_SelectHallSensor), (24 bytes).
    Removing stm32f4xx_tim.o(i.TIM_SelectInputTrigger), (18 bytes).
    Removing stm32f4xx_tim.o(i.TIM_SelectMasterSlaveMode), (18 bytes).
    Removing stm32f4xx_tim.o(i.TIM_SelectOCxM), (86 bytes).
    Removing stm32f4xx_tim.o(i.TIM_SelectOnePulseMode), (18 bytes).
    Removing stm32f4xx_tim.o(i.TIM_SelectOutputTrigger), (18 bytes).
    Removing stm32f4xx_tim.o(i.TIM_SelectSlaveMode), (18 bytes).
    Removing stm32f4xx_tim.o(i.TIM_SetAutoreload), (4 bytes).
    Removing stm32f4xx_tim.o(i.TIM_SetClockDivision), (18 bytes).
    Removing stm32f4xx_tim.o(i.TIM_SetCompare1), (4 bytes).
    Removing stm32f4xx_tim.o(i.TIM_SetCompare2), (4 bytes).
    Removing stm32f4xx_tim.o(i.TIM_SetCompare3), (4 bytes).
    Removing stm32f4xx_tim.o(i.TIM_SetCompare4), (4 bytes).
    Removing stm32f4xx_tim.o(i.TIM_SetCounter), (4 bytes).
    Removing stm32f4xx_tim.o(i.TIM_SetIC1Prescaler), (18 bytes).
    Removing stm32f4xx_tim.o(i.TIM_SetIC2Prescaler), (26 bytes).
    Removing stm32f4xx_tim.o(i.TIM_SetIC3Prescaler), (18 bytes).
    Removing stm32f4xx_tim.o(i.TIM_SetIC4Prescaler), (26 bytes).
    Removing stm32f4xx_tim.o(i.TIM_TIxExternalClockConfig), (62 bytes).
    Removing stm32f4xx_tim.o(i.TIM_TimeBaseInit), (132 bytes).
    Removing stm32f4xx_tim.o(i.TIM_TimeBaseStructInit), (18 bytes).
    Removing stm32f4xx_tim.o(i.TIM_UpdateDisableConfig), (24 bytes).
    Removing stm32f4xx_tim.o(i.TIM_UpdateRequestConfig), (24 bytes).
    Removing stm32f4xx_usart.o(.rev16_text), (4 bytes).
    Removing stm32f4xx_usart.o(.revsh_text), (4 bytes).
    Removing stm32f4xx_usart.o(i.USART_ClearFlag), (18 bytes).
    Removing stm32f4xx_usart.o(i.USART_ClockInit), (32 bytes).
    Removing stm32f4xx_usart.o(i.USART_ClockStructInit), (12 bytes).
    Removing stm32f4xx_usart.o(i.USART_DMACmd), (18 bytes).
    Removing stm32f4xx_usart.o(i.USART_HalfDuplexCmd), (24 bytes).
    Removing stm32f4xx_usart.o(i.USART_IrDACmd), (24 bytes).
    Removing stm32f4xx_usart.o(i.USART_IrDAConfig), (18 bytes).
    Removing stm32f4xx_usart.o(i.USART_LINBreakDetectLengthConfig), (18 bytes).
    Removing stm32f4xx_usart.o(i.USART_LINCmd), (24 bytes).
    Removing stm32f4xx_usart.o(i.USART_OneBitMethodCmd), (24 bytes).
    Removing stm32f4xx_usart.o(i.USART_OverSampling8Cmd), (22 bytes).
    Removing stm32f4xx_usart.o(i.USART_ReceiverWakeUpCmd), (24 bytes).
    Removing stm32f4xx_usart.o(i.USART_SendBreak), (10 bytes).
    Removing stm32f4xx_usart.o(i.USART_SetAddress), (18 bytes).
    Removing stm32f4xx_usart.o(i.USART_SetGuardTime), (16 bytes).
    Removing stm32f4xx_usart.o(i.USART_SetPrescaler), (16 bytes).
    Removing stm32f4xx_usart.o(i.USART_SmartCardCmd), (24 bytes).
    Removing stm32f4xx_usart.o(i.USART_SmartCardNACKCmd), (24 bytes).
    Removing stm32f4xx_usart.o(i.USART_StructInit), (24 bytes).
    Removing stm32f4xx_usart.o(i.USART_WakeUpConfig), (18 bytes).
    Removing stm32f4xx_wwdg.o(.rev16_text), (4 bytes).
    Removing stm32f4xx_wwdg.o(.revsh_text), (4 bytes).
    Removing stm32f4xx_wwdg.o(i.WWDG_ClearFlag), (12 bytes).
    Removing stm32f4xx_wwdg.o(i.WWDG_DeInit), (22 bytes).
    Removing stm32f4xx_wwdg.o(i.WWDG_Enable), (16 bytes).
    Removing stm32f4xx_wwdg.o(i.WWDG_EnableIT), (12 bytes).
    Removing stm32f4xx_wwdg.o(i.WWDG_GetFlagStatus), (20 bytes).
    Removing stm32f4xx_wwdg.o(i.WWDG_SetCounter), (16 bytes).
    Removing stm32f4xx_wwdg.o(i.WWDG_SetPrescaler), (24 bytes).
    Removing stm32f4xx_wwdg.o(i.WWDG_SetWindowValue), (40 bytes).
    Removing main.o(.rev16_text), (4 bytes).
    Removing main.o(.revsh_text), (4 bytes).
    Removing stm32f4xx_it.o(.rev16_text), (4 bytes).
    Removing stm32f4xx_it.o(.revsh_text), (4 bytes).
    Removing system_stm32f4xx.o(.rev16_text), (4 bytes).
    Removing system_stm32f4xx.o(.revsh_text), (4 bytes).
    Removing system_stm32f4xx.o(i.SystemCoreClockUpdate), (192 bytes).
    Removing delay.o(.rev16_text), (4 bytes).
    Removing delay.o(.revsh_text), (4 bytes).
    Removing utils.o(.rev16_text), (4 bytes).
    Removing utils.o(.revsh_text), (4 bytes).
    Removing utils.o(i.SoftDelay), (12 bytes).
    Removing dadd.o(.text), (334 bytes).
    Removing dmul.o(.text), (228 bytes).
    Removing ddiv.o(.text), (222 bytes).
    Removing dfixul.o(.text), (48 bytes).
    Removing cdrcmple.o(.text), (48 bytes).
    Removing depilogue.o(.text), (186 bytes).

796 unused section(s) (total 37456 bytes) removed from the image.

==============================================================================

Image Symbol Table

    Local Symbols

    Symbol Name                              Value     Ov Type        Size  Object(Section)

    ../clib/microlib/division.c              0x00000000   Number         0  uidiv.o ABSOLUTE
    ../clib/microlib/division.c              0x00000000   Number         0  uldiv.o ABSOLUTE
    ../clib/microlib/init/entry.s            0x00000000   Number         0  entry5.o ABSOLUTE
    ../clib/microlib/init/entry.s            0x00000000   Number         0  entry9b.o ABSOLUTE
    ../clib/microlib/init/entry.s            0x00000000   Number         0  entry9a.o ABSOLUTE
    ../clib/microlib/init/entry.s            0x00000000   Number         0  entry8b.o ABSOLUTE
    ../clib/microlib/init/entry.s            0x00000000   Number         0  entry11a.o ABSOLUTE
    ../clib/microlib/init/entry.s            0x00000000   Number         0  entry11b.o ABSOLUTE
    ../clib/microlib/init/entry.s            0x00000000   Number         0  entry8a.o ABSOLUTE
    ../clib/microlib/init/entry.s            0x00000000   Number         0  entry10b.o ABSOLUTE
    ../clib/microlib/init/entry.s            0x00000000   Number         0  entry7a.o ABSOLUTE
    ../clib/microlib/init/entry.s            0x00000000   Number         0  entry10a.o ABSOLUTE
    ../clib/microlib/init/entry.s            0x00000000   Number         0  entry.o ABSOLUTE
    ../clib/microlib/init/entry.s            0x00000000   Number         0  entry2.o ABSOLUTE
    ../clib/microlib/init/entry.s            0x00000000   Number         0  entry7b.o ABSOLUTE
    ../clib/microlib/longlong.c              0x00000000   Number         0  llshl.o ABSOLUTE
    ../clib/microlib/longlong.c              0x00000000   Number         0  llushr.o ABSOLUTE
    ../clib/microlib/longlong.c              0x00000000   Number         0  llsshr.o ABSOLUTE
    ../clib/microlib/printf/printf.c         0x00000000   Number         0  printfa.o ABSOLUTE
    ../clib/microlib/printf/printf.c         0x00000000   Number         0  printf8.o ABSOLUTE
    ../clib/microlib/printf/printf.c         0x00000000   Number         0  printf6.o ABSOLUTE
    ../clib/microlib/printf/printf.c         0x00000000   Number         0  printf5.o ABSOLUTE
    ../clib/microlib/printf/printf.c         0x00000000   Number         0  printf3.o ABSOLUTE
    ../clib/microlib/printf/printf.c         0x00000000   Number         0  printf2.o ABSOLUTE
    ../clib/microlib/printf/printf.c         0x00000000   Number         0  printf1.o ABSOLUTE
    ../clib/microlib/printf/printf.c         0x00000000   Number         0  printf0.o ABSOLUTE
    ../clib/microlib/printf/printf.c         0x00000000   Number         0  printfb.o ABSOLUTE
    ../clib/microlib/printf/printf.c         0x00000000   Number         0  printf7.o ABSOLUTE
    ../clib/microlib/printf/printf.c         0x00000000   Number         0  printf4.o ABSOLUTE
    ../clib/microlib/printf/stubs.s          0x00000000   Number         0  stubs.o ABSOLUTE
    ../clib/microlib/stdio/streams.c         0x00000000   Number         0  stdout.o ABSOLUTE
    ../clib/microlib/string/memcpy.c         0x00000000   Number         0  memcpyb.o ABSOLUTE
    ../clib/microlib/string/memcpy.c         0x00000000   Number         0  memcpya.o ABSOLUTE
    ../clib/microlib/string/memset.c         0x00000000   Number         0  memseta.o ABSOLUTE
    ../clib/microlib/stubs.s                 0x00000000   Number         0  iusefp.o ABSOLUTE
    ../fplib/microlib/fpadd.c                0x00000000   Number         0  dadd.o ABSOLUTE
    ../fplib/microlib/fpdiv.c                0x00000000   Number         0  ddiv.o ABSOLUTE
    ../fplib/microlib/fpepilogue.c           0x00000000   Number         0  depilogue.o ABSOLUTE
    ../fplib/microlib/fpfix.c                0x00000000   Number         0  dfixul.o ABSOLUTE
    ../fplib/microlib/fpmul.c                0x00000000   Number         0  dmul.o ABSOLUTE
    ..\BSP\beep.c                            0x00000000   Number         0  beep.o ABSOLUTE
    ..\BSP\can.c                             0x00000000   Number         0  can.o ABSOLUTE
    ..\BSP\dht11.c                           0x00000000   Number         0  dht11.o ABSOLUTE
    ..\BSP\key_led.c                         0x00000000   Number         0  key_led.o ABSOLUTE
    ..\BSP\lcd_fonts.c                       0x00000000   Number         0  lcd_fonts.o ABSOLUTE
    ..\BSP\lcd_ili9341.c                     0x00000000   Number         0  lcd_ili9341.o ABSOLUTE
    ..\BSP\nfc_pn532.c                       0x00000000   Number         0  nfc_pn532.o ABSOLUTE
    ..\BSP\usart.c                           0x00000000   Number         0  usart.o ABSOLUTE
    ..\COPY\startup_stm32f40_41xxx.s         0x00000000   Number         0  startup_stm32f40_41xxx.o ABSOLUTE
    ..\FWLIB\src\misc.c                      0x00000000   Number         0  misc.o ABSOLUTE
    ..\FWLIB\src\stm32f4xx_adc.c             0x00000000   Number         0  stm32f4xx_adc.o ABSOLUTE
    ..\FWLIB\src\stm32f4xx_can.c             0x00000000   Number         0  stm32f4xx_can.o ABSOLUTE
    ..\FWLIB\src\stm32f4xx_crc.c             0x00000000   Number         0  stm32f4xx_crc.o ABSOLUTE
    ..\FWLIB\src\stm32f4xx_cryp.c            0x00000000   Number         0  stm32f4xx_cryp.o ABSOLUTE
    ..\FWLIB\src\stm32f4xx_cryp_aes.c        0x00000000   Number         0  stm32f4xx_cryp_aes.o ABSOLUTE
    ..\FWLIB\src\stm32f4xx_cryp_des.c        0x00000000   Number         0  stm32f4xx_cryp_des.o ABSOLUTE
    ..\FWLIB\src\stm32f4xx_cryp_tdes.c       0x00000000   Number         0  stm32f4xx_cryp_tdes.o ABSOLUTE
    ..\FWLIB\src\stm32f4xx_dac.c             0x00000000   Number         0  stm32f4xx_dac.o ABSOLUTE
    ..\FWLIB\src\stm32f4xx_dbgmcu.c          0x00000000   Number         0  stm32f4xx_dbgmcu.o ABSOLUTE
    ..\FWLIB\src\stm32f4xx_dcmi.c            0x00000000   Number         0  stm32f4xx_dcmi.o ABSOLUTE
    ..\FWLIB\src\stm32f4xx_dma.c             0x00000000   Number         0  stm32f4xx_dma.o ABSOLUTE
    ..\FWLIB\src\stm32f4xx_dma2d.c           0x00000000   Number         0  stm32f4xx_dma2d.o ABSOLUTE
    ..\FWLIB\src\stm32f4xx_exti.c            0x00000000   Number         0  stm32f4xx_exti.o ABSOLUTE
    ..\FWLIB\src\stm32f4xx_flash.c           0x00000000   Number         0  stm32f4xx_flash.o ABSOLUTE
    ..\FWLIB\src\stm32f4xx_flash_ramfunc.c   0x00000000   Number         0  stm32f4xx_flash_ramfunc.o ABSOLUTE
    ..\FWLIB\src\stm32f4xx_fsmc.c            0x00000000   Number         0  stm32f4xx_fsmc.o ABSOLUTE
    ..\FWLIB\src\stm32f4xx_gpio.c            0x00000000   Number         0  stm32f4xx_gpio.o ABSOLUTE
    ..\FWLIB\src\stm32f4xx_hash.c            0x00000000   Number         0  stm32f4xx_hash.o ABSOLUTE
    ..\FWLIB\src\stm32f4xx_hash_md5.c        0x00000000   Number         0  stm32f4xx_hash_md5.o ABSOLUTE
    ..\FWLIB\src\stm32f4xx_hash_sha1.c       0x00000000   Number         0  stm32f4xx_hash_sha1.o ABSOLUTE
    ..\FWLIB\src\stm32f4xx_i2c.c             0x00000000   Number         0  stm32f4xx_i2c.o ABSOLUTE
    ..\FWLIB\src\stm32f4xx_iwdg.c            0x00000000   Number         0  stm32f4xx_iwdg.o ABSOLUTE
    ..\FWLIB\src\stm32f4xx_ltdc.c            0x00000000   Number         0  stm32f4xx_ltdc.o ABSOLUTE
    ..\FWLIB\src\stm32f4xx_pwr.c             0x00000000   Number         0  stm32f4xx_pwr.o ABSOLUTE
    ..\FWLIB\src\stm32f4xx_rcc.c             0x00000000   Number         0  stm32f4xx_rcc.o ABSOLUTE
    ..\FWLIB\src\stm32f4xx_rng.c             0x00000000   Number         0  stm32f4xx_rng.o ABSOLUTE
    ..\FWLIB\src\stm32f4xx_rtc.c             0x00000000   Number         0  stm32f4xx_rtc.o ABSOLUTE
    ..\FWLIB\src\stm32f4xx_sai.c             0x00000000   Number         0  stm32f4xx_sai.o ABSOLUTE
    ..\FWLIB\src\stm32f4xx_sdio.c            0x00000000   Number         0  stm32f4xx_sdio.o ABSOLUTE
    ..\FWLIB\src\stm32f4xx_spi.c             0x00000000   Number         0  stm32f4xx_spi.o ABSOLUTE
    ..\FWLIB\src\stm32f4xx_syscfg.c          0x00000000   Number         0  stm32f4xx_syscfg.o ABSOLUTE
    ..\FWLIB\src\stm32f4xx_tim.c             0x00000000   Number         0  stm32f4xx_tim.o ABSOLUTE
    ..\FWLIB\src\stm32f4xx_usart.c           0x00000000   Number         0  stm32f4xx_usart.o ABSOLUTE
    ..\FWLIB\src\stm32f4xx_wwdg.c            0x00000000   Number         0  stm32f4xx_wwdg.o ABSOLUTE
    ..\UTILS\delay.c                         0x00000000   Number         0  delay.o ABSOLUTE
    ..\UTILS\utils.c                         0x00000000   Number         0  utils.o ABSOLUTE
    ..\\BSP\\beep.c                          0x00000000   Number         0  beep.o ABSOLUTE
    ..\\BSP\\can.c                           0x00000000   Number         0  can.o ABSOLUTE
    ..\\BSP\\dht11.c                         0x00000000   Number         0  dht11.o ABSOLUTE
    ..\\BSP\\key_led.c                       0x00000000   Number         0  key_led.o ABSOLUTE
    ..\\BSP\\lcd_fonts.c                     0x00000000   Number         0  lcd_fonts.o ABSOLUTE
    ..\\BSP\\lcd_ili9341.c                   0x00000000   Number         0  lcd_ili9341.o ABSOLUTE
    ..\\BSP\\nfc_pn532.c                     0x00000000   Number         0  nfc_pn532.o ABSOLUTE
    ..\\BSP\\usart.c                         0x00000000   Number         0  usart.o ABSOLUTE
    ..\\FWLIB\\src\\misc.c                   0x00000000   Number         0  misc.o ABSOLUTE
    ..\\FWLIB\\src\\stm32f4xx_adc.c          0x00000000   Number         0  stm32f4xx_adc.o ABSOLUTE
    ..\\FWLIB\\src\\stm32f4xx_can.c          0x00000000   Number         0  stm32f4xx_can.o ABSOLUTE
    ..\\FWLIB\\src\\stm32f4xx_crc.c          0x00000000   Number         0  stm32f4xx_crc.o ABSOLUTE
    ..\\FWLIB\\src\\stm32f4xx_cryp.c         0x00000000   Number         0  stm32f4xx_cryp.o ABSOLUTE
    ..\\FWLIB\\src\\stm32f4xx_cryp_aes.c     0x00000000   Number         0  stm32f4xx_cryp_aes.o ABSOLUTE
    ..\\FWLIB\\src\\stm32f4xx_cryp_des.c     0x00000000   Number         0  stm32f4xx_cryp_des.o ABSOLUTE
    ..\\FWLIB\\src\\stm32f4xx_cryp_tdes.c    0x00000000   Number         0  stm32f4xx_cryp_tdes.o ABSOLUTE
    ..\\FWLIB\\src\\stm32f4xx_dac.c          0x00000000   Number         0  stm32f4xx_dac.o ABSOLUTE
    ..\\FWLIB\\src\\stm32f4xx_dbgmcu.c       0x00000000   Number         0  stm32f4xx_dbgmcu.o ABSOLUTE
    ..\\FWLIB\\src\\stm32f4xx_dcmi.c         0x00000000   Number         0  stm32f4xx_dcmi.o ABSOLUTE
    ..\\FWLIB\\src\\stm32f4xx_dma.c          0x00000000   Number         0  stm32f4xx_dma.o ABSOLUTE
    ..\\FWLIB\\src\\stm32f4xx_dma2d.c        0x00000000   Number         0  stm32f4xx_dma2d.o ABSOLUTE
    ..\\FWLIB\\src\\stm32f4xx_exti.c         0x00000000   Number         0  stm32f4xx_exti.o ABSOLUTE
    ..\\FWLIB\\src\\stm32f4xx_flash.c        0x00000000   Number         0  stm32f4xx_flash.o ABSOLUTE
    ..\\FWLIB\\src\\stm32f4xx_flash_ramfunc.c 0x00000000   Number         0  stm32f4xx_flash_ramfunc.o ABSOLUTE
    ..\\FWLIB\\src\\stm32f4xx_fsmc.c         0x00000000   Number         0  stm32f4xx_fsmc.o ABSOLUTE
    ..\\FWLIB\\src\\stm32f4xx_gpio.c         0x00000000   Number         0  stm32f4xx_gpio.o ABSOLUTE
    ..\\FWLIB\\src\\stm32f4xx_hash.c         0x00000000   Number         0  stm32f4xx_hash.o ABSOLUTE
    ..\\FWLIB\\src\\stm32f4xx_hash_md5.c     0x00000000   Number         0  stm32f4xx_hash_md5.o ABSOLUTE
    ..\\FWLIB\\src\\stm32f4xx_hash_sha1.c    0x00000000   Number         0  stm32f4xx_hash_sha1.o ABSOLUTE
    ..\\FWLIB\\src\\stm32f4xx_i2c.c          0x00000000   Number         0  stm32f4xx_i2c.o ABSOLUTE
    ..\\FWLIB\\src\\stm32f4xx_iwdg.c         0x00000000   Number         0  stm32f4xx_iwdg.o ABSOLUTE
    ..\\FWLIB\\src\\stm32f4xx_ltdc.c         0x00000000   Number         0  stm32f4xx_ltdc.o ABSOLUTE
    ..\\FWLIB\\src\\stm32f4xx_pwr.c          0x00000000   Number         0  stm32f4xx_pwr.o ABSOLUTE
    ..\\FWLIB\\src\\stm32f4xx_rcc.c          0x00000000   Number         0  stm32f4xx_rcc.o ABSOLUTE
    ..\\FWLIB\\src\\stm32f4xx_rng.c          0x00000000   Number         0  stm32f4xx_rng.o ABSOLUTE
    ..\\FWLIB\\src\\stm32f4xx_rtc.c          0x00000000   Number         0  stm32f4xx_rtc.o ABSOLUTE
    ..\\FWLIB\\src\\stm32f4xx_sai.c          0x00000000   Number         0  stm32f4xx_sai.o ABSOLUTE
    ..\\FWLIB\\src\\stm32f4xx_sdio.c         0x00000000   Number         0  stm32f4xx_sdio.o ABSOLUTE
    ..\\FWLIB\\src\\stm32f4xx_spi.c          0x00000000   Number         0  stm32f4xx_spi.o ABSOLUTE
    ..\\FWLIB\\src\\stm32f4xx_syscfg.c       0x00000000   Number         0  stm32f4xx_syscfg.o ABSOLUTE
    ..\\FWLIB\\src\\stm32f4xx_tim.c          0x00000000   Number         0  stm32f4xx_tim.o ABSOLUTE
    ..\\FWLIB\\src\\stm32f4xx_usart.c        0x00000000   Number         0  stm32f4xx_usart.o ABSOLUTE
    ..\\FWLIB\\src\\stm32f4xx_wwdg.c         0x00000000   Number         0  stm32f4xx_wwdg.o ABSOLUTE
    ..\\UTILS\\delay.c                       0x00000000   Number         0  delay.o ABSOLUTE
    ..\\UTILS\\utils.c                       0x00000000   Number         0  utils.o ABSOLUTE
    cdrcmple.s                               0x00000000   Number         0  cdrcmple.o ABSOLUTE
    dc.s                                     0x00000000   Number         0  dc.o ABSOLUTE
    handlers.s                               0x00000000   Number         0  handlers.o ABSOLUTE
    init.s                                   0x00000000   Number         0  init.o ABSOLUTE
    main.c                                   0x00000000   Number         0  main.o ABSOLUTE
    main.c                                   0x00000000   Number         0  main.o ABSOLUTE
    stm32f4xx_it.c                           0x00000000   Number         0  stm32f4xx_it.o ABSOLUTE
    stm32f4xx_it.c                           0x00000000   Number         0  stm32f4xx_it.o ABSOLUTE
    system_stm32f4xx.c                       0x00000000   Number         0  system_stm32f4xx.o ABSOLUTE
    system_stm32f4xx.c                       0x00000000   Number         0  system_stm32f4xx.o ABSOLUTE
    RESET                                    0x08000000   Section      392  startup_stm32f40_41xxx.o(RESET)
    .ARM.Collect$$$$00000000                 0x08000188   Section        0  entry.o(.ARM.Collect$$$$00000000)
    .ARM.Collect$$$$00000001                 0x08000188   Section        4  entry2.o(.ARM.Collect$$$$00000001)
    .ARM.Collect$$$$00000004                 0x0800018c   Section        4  entry5.o(.ARM.Collect$$$$00000004)
    .ARM.Collect$$$$00000008                 0x08000190   Section        0  entry7b.o(.ARM.Collect$$$$00000008)
    .ARM.Collect$$$$0000000A                 0x08000190   Section        0  entry8b.o(.ARM.Collect$$$$0000000A)
    .ARM.Collect$$$$0000000B                 0x08000190   Section        8  entry9a.o(.ARM.Collect$$$$0000000B)
    .ARM.Collect$$$$0000000D                 0x08000198   Section        0  entry10a.o(.ARM.Collect$$$$0000000D)
    .ARM.Collect$$$$0000000F                 0x08000198   Section        0  entry11a.o(.ARM.Collect$$$$0000000F)
    .ARM.Collect$$$$00002712                 0x08000198   Section        4  entry2.o(.ARM.Collect$$$$00002712)
    __lit__00000000                          0x08000198   Data           4  entry2.o(.ARM.Collect$$$$00002712)
    .text                                    0x0800019c   Section       36  startup_stm32f40_41xxx.o(.text)
    $v0                                      0x0800019c   Number         0  startup_stm32f40_41xxx.o(.text)
    .text                                    0x080001c0   Section        0  memseta.o(.text)
    .text                                    0x080001e4   Section        0  uldiv.o(.text)
    .text                                    0x08000248   Section       36  init.o(.text)
    .text                                    0x0800026c   Section        0  llshl.o(.text)
    .text                                    0x0800028a   Section        0  llushr.o(.text)
    i.BEEP_Init                              0x080002ac   Section        0  beep.o(i.BEEP_Init)
    i.BusFault_Handler                       0x080002ec   Section        0  stm32f4xx_it.o(i.BusFault_Handler)
    i.CAN1_Init                              0x080002f0   Section        0  can.o(i.CAN1_Init)
    i.CAN1_SendMsg                           0x080003bc   Section        0  can.o(i.CAN1_SendMsg)
    i.CAN_DeInit                             0x080003fc   Section        0  stm32f4xx_can.o(i.CAN_DeInit)
    i.CAN_FilterInit                         0x08000434   Section        0  stm32f4xx_can.o(i.CAN_FilterInit)
    i.CAN_Init                               0x0800053c   Section        0  stm32f4xx_can.o(i.CAN_Init)
    i.CAN_Transmit                           0x08000650   Section        0  stm32f4xx_can.o(i.CAN_Transmit)
    i.DHT11_Init                             0x08000778   Section        0  dht11.o(i.DHT11_Init)
    i.DHT11_Mode_IN                          0x08000794   Section        0  dht11.o(i.DHT11_Mode_IN)
    DHT11_Mode_IN                            0x08000795   Thumb Code    36  dht11.o(i.DHT11_Mode_IN)
    i.DHT11_Mode_OUT                         0x080007bc   Section        0  dht11.o(i.DHT11_Mode_OUT)
    DHT11_Mode_OUT                           0x080007bd   Thumb Code    38  dht11.o(i.DHT11_Mode_OUT)
    i.DHT11_ReadBit                          0x080007e8   Section        0  dht11.o(i.DHT11_ReadBit)
    i.DHT11_ReadByte                         0x0800082c   Section        0  dht11.o(i.DHT11_ReadByte)
    DHT11_ReadByte                           0x0800082d   Thumb Code    34  dht11.o(i.DHT11_ReadByte)
    i.DHT11_ReadData                         0x08000850   Section        0  dht11.o(i.DHT11_ReadData)
    i.DHT11_WaitFor                          0x080008f4   Section        0  dht11.o(i.DHT11_WaitFor)
    i.DebugMon_Handler                       0x0800092c   Section        0  stm32f4xx_it.o(i.DebugMon_Handler)
    i.FSMC_NORSRAMCmd                        0x08000930   Section        0  stm32f4xx_fsmc.o(i.FSMC_NORSRAMCmd)
    i.FSMC_NORSRAMInit                       0x08000964   Section        0  stm32f4xx_fsmc.o(i.FSMC_NORSRAMInit)
    i.GPIO_Init                              0x08000a4a   Section        0  stm32f4xx_gpio.o(i.GPIO_Init)
    i.GPIO_PinAFConfig                       0x08000ada   Section        0  stm32f4xx_gpio.o(i.GPIO_PinAFConfig)
    i.GPIO_ReadInputDataBit                  0x08000b20   Section        0  stm32f4xx_gpio.o(i.GPIO_ReadInputDataBit)
    i.GPIO_ResetBits                         0x08000b32   Section        0  stm32f4xx_gpio.o(i.GPIO_ResetBits)
    i.GPIO_SetBits                           0x08000b36   Section        0  stm32f4xx_gpio.o(i.GPIO_SetBits)
    i.HardFault_Handler                      0x08000b3a   Section        0  stm32f4xx_it.o(i.HardFault_Handler)
    i.ILI9341_BackLight                      0x08000b40   Section        0  lcd_ili9341.o(i.ILI9341_BackLight)
    ILI9341_BackLight                        0x08000b41   Thumb Code    30  lcd_ili9341.o(i.ILI9341_BackLight)
    i.ILI9341_FSMC_Config                    0x08000b64   Section        0  lcd_ili9341.o(i.ILI9341_FSMC_Config)
    ILI9341_FSMC_Config                      0x08000b65   Thumb Code    94  lcd_ili9341.o(i.ILI9341_FSMC_Config)
    i.ILI9341_FillColor                      0x08000bc4   Section        0  lcd_ili9341.o(i.ILI9341_FillColor)
    ILI9341_FillColor                        0x08000bc5   Thumb Code    26  lcd_ili9341.o(i.ILI9341_FillColor)
    i.ILI9341_GPIO_Config                    0x08000be4   Section        0  lcd_ili9341.o(i.ILI9341_GPIO_Config)
    ILI9341_GPIO_Config                      0x08000be5   Thumb Code   306  lcd_ili9341.o(i.ILI9341_GPIO_Config)
    i.ILI9341_GramScan                       0x08000d20   Section        0  lcd_ili9341.o(i.ILI9341_GramScan)
    ILI9341_GramScan                         0x08000d21   Thumb Code   100  lcd_ili9341.o(i.ILI9341_GramScan)
    i.ILI9341_OpenWindow                     0x08000d94   Section        0  lcd_ili9341.o(i.ILI9341_OpenWindow)
    ILI9341_OpenWindow                       0x08000d95   Thumb Code    74  lcd_ili9341.o(i.ILI9341_OpenWindow)
    i.ILI9341_REG_Config                     0x08000de4   Section        0  lcd_ili9341.o(i.ILI9341_REG_Config)
    ILI9341_REG_Config                       0x08000de5   Thumb Code   338  lcd_ili9341.o(i.ILI9341_REG_Config)
    i.ILI9341_Rst                            0x08000f3c   Section        0  lcd_ili9341.o(i.ILI9341_Rst)
    ILI9341_Rst                              0x08000f3d   Thumb Code    32  lcd_ili9341.o(i.ILI9341_Rst)
    i.KEY_LED_Init                           0x08000f60   Section        0  key_led.o(i.KEY_LED_Init)
    i.KEY_Scan                               0x08000fb8   Section        0  key_led.o(i.KEY_Scan)
    i.LCD_Clear                              0x08000ff4   Section        0  lcd_ili9341.o(i.LCD_Clear)
    i.LCD_DispMask                           0x08001020   Section        0  lcd_ili9341.o(i.LCD_DispMask)
    i.LCD_DispStringEN                       0x08001098   Section        0  lcd_ili9341.o(i.LCD_DispStringEN)
    i.LCD_GetFontEN                          0x08001114   Section        0  lcd_fonts.o(i.LCD_GetFontEN)
    i.LCD_GetLenX                            0x08001120   Section        0  lcd_ili9341.o(i.LCD_GetLenX)
    i.LCD_GetLenY                            0x0800112c   Section        0  lcd_ili9341.o(i.LCD_GetLenY)
    i.LCD_GetMaskEN                          0x08001138   Section        0  lcd_fonts.o(i.LCD_GetMaskEN)
    i.LCD_Init                               0x08001168   Section        0  lcd_ili9341.o(i.LCD_Init)
    i.LCD_SetBackColor                       0x08001190   Section        0  lcd_ili9341.o(i.LCD_SetBackColor)
    i.LCD_SetFontEN                          0x0800119c   Section        0  lcd_fonts.o(i.LCD_SetFontEN)
    i.LCD_SetTextColor                       0x080011a8   Section        0  lcd_ili9341.o(i.LCD_SetTextColor)
    i.LCD_ShowSensor                         0x080011b4   Section        0  main.o(i.LCD_ShowSensor)
    LCD_ShowSensor                           0x080011b5   Thumb Code   406  main.o(i.LCD_ShowSensor)
    i.MemManage_Handler                      0x080013ec   Section        0  stm32f4xx_it.o(i.MemManage_Handler)
    i.NFC_Init                               0x080013f0   Section        0  nfc_pn532.o(i.NFC_Init)
    i.NFC_ScanCard                           0x0800149c   Section        0  nfc_pn532.o(i.NFC_ScanCard)
    i.NFC_WakeUp                             0x080014bc   Section        0  nfc_pn532.o(i.NFC_WakeUp)
    i.NMI_Handler                            0x08001548   Section        0  stm32f4xx_it.o(i.NMI_Handler)
    i.NVIC_Init                              0x0800154c   Section        0  misc.o(i.NVIC_Init)
    i.PN532_CheckRxBuf                       0x080015c4   Section        0  nfc_pn532.o(i.PN532_CheckRxBuf)
    PN532_CheckRxBuf                         0x080015c5   Thumb Code   210  nfc_pn532.o(i.PN532_CheckRxBuf)
    i.PN532_CheckSum                         0x080016a0   Section        0  nfc_pn532.o(i.PN532_CheckSum)
    i.PN532_ClearRxBuf                       0x080016c4   Section        0  nfc_pn532.o(i.PN532_ClearRxBuf)
    i.PN532_InListPassiveTarget              0x080016e0   Section        0  nfc_pn532.o(i.PN532_InListPassiveTarget)
    i.PN532_SAMConfiguration                 0x080017b4   Section        0  nfc_pn532.o(i.PN532_SAMConfiguration)
    i.PN532_SendData                         0x08001830   Section        0  nfc_pn532.o(i.PN532_SendData)
    i.PendSV_Handler                         0x08001860   Section        0  stm32f4xx_it.o(i.PendSV_Handler)
    i.RCC_AHB1PeriphClockCmd                 0x08001864   Section        0  stm32f4xx_rcc.o(i.RCC_AHB1PeriphClockCmd)
    i.RCC_AHB3PeriphClockCmd                 0x08001884   Section        0  stm32f4xx_rcc.o(i.RCC_AHB3PeriphClockCmd)
    i.RCC_APB1PeriphClockCmd                 0x080018a4   Section        0  stm32f4xx_rcc.o(i.RCC_APB1PeriphClockCmd)
    i.RCC_APB1PeriphResetCmd                 0x080018c4   Section        0  stm32f4xx_rcc.o(i.RCC_APB1PeriphResetCmd)
    i.RCC_APB2PeriphClockCmd                 0x080018e4   Section        0  stm32f4xx_rcc.o(i.RCC_APB2PeriphClockCmd)
    i.RCC_APB2PeriphResetCmd                 0x08001904   Section        0  stm32f4xx_rcc.o(i.RCC_APB2PeriphResetCmd)
    i.RCC_GetClocksFreq                      0x08001924   Section        0  stm32f4xx_rcc.o(i.RCC_GetClocksFreq)
    i.SVC_Handler                            0x08001a0c   Section        0  stm32f4xx_it.o(i.SVC_Handler)
    i.SetSysClock                            0x08001a10   Section        0  system_stm32f4xx.o(i.SetSysClock)
    SetSysClock                              0x08001a11   Thumb Code   220  system_stm32f4xx.o(i.SetSysClock)
    i.SysTick_CLKSourceConfig                0x08001afc   Section        0  misc.o(i.SysTick_CLKSourceConfig)
    i.SysTick_Handler                        0x08001b24   Section        0  stm32f4xx_it.o(i.SysTick_Handler)
    i.SysTick_Init                           0x08001b28   Section        0  delay.o(i.SysTick_Init)
    i.SystemInit                             0x08001b60   Section        0  system_stm32f4xx.o(i.SystemInit)
    i.UART2_Init                             0x08001bc8   Section        0  usart.o(i.UART2_Init)
    i.USART1_IRQHandler                      0x08001c54   Section        0  nfc_pn532.o(i.USART1_IRQHandler)
    i.USART_ClearITPendingBit                0x08001c94   Section        0  stm32f4xx_usart.o(i.USART_ClearITPendingBit)
    i.USART_Cmd                              0x08001cb2   Section        0  stm32f4xx_usart.o(i.USART_Cmd)
    i.USART_DeInit                           0x08001ccc   Section        0  stm32f4xx_usart.o(i.USART_DeInit)
    i.USART_GetFlagStatus                    0x08001dbc   Section        0  stm32f4xx_usart.o(i.USART_GetFlagStatus)
    i.USART_GetITStatus                      0x08001dd6   Section        0  stm32f4xx_usart.o(i.USART_GetITStatus)
    i.USART_ITConfig                         0x08001e2a   Section        0  stm32f4xx_usart.o(i.USART_ITConfig)
    i.USART_Init                             0x08001e74   Section        0  stm32f4xx_usart.o(i.USART_Init)
    i.USART_ReceiveData                      0x08001f48   Section        0  stm32f4xx_usart.o(i.USART_ReceiveData)
    i.USART_SendData                         0x08001f52   Section        0  stm32f4xx_usart.o(i.USART_SendData)
    i.UsageFault_Handler                     0x08001f5a   Section        0  stm32f4xx_it.o(i.UsageFault_Handler)
    i.__0printf$8                            0x08001f60   Section        0  printf8.o(i.__0printf$8)
    i.__0sprintf$8                           0x08001f80   Section        0  printf8.o(i.__0sprintf$8)
    i.__scatterload_copy                     0x08001fa8   Section       14  handlers.o(i.__scatterload_copy)
    i.__scatterload_null                     0x08001fb6   Section        2  handlers.o(i.__scatterload_null)
    i.__scatterload_zeroinit                 0x08001fb8   Section       14  handlers.o(i.__scatterload_zeroinit)
    i._printf_core                           0x08001fc8   Section        0  printf8.o(i._printf_core)
    _printf_core                             0x08001fc9   Thumb Code   996  printf8.o(i._printf_core)
    i._printf_post_padding                   0x080023d8   Section        0  printf8.o(i._printf_post_padding)
    _printf_post_padding                     0x080023d9   Thumb Code    36  printf8.o(i._printf_post_padding)
    i._printf_pre_padding                    0x080023fc   Section        0  printf8.o(i._printf_pre_padding)
    _printf_pre_padding                      0x080023fd   Thumb Code    46  printf8.o(i._printf_pre_padding)
    i._sputc                                 0x0800242a   Section        0  printf8.o(i._sputc)
    _sputc                                   0x0800242b   Thumb Code    10  printf8.o(i._sputc)
    i.delay_ms                               0x08002434   Section        0  delay.o(i.delay_ms)
    i.delay_us                               0x0800246c   Section        0  delay.o(i.delay_us)
    i.fputc                                  0x080024b8   Section        0  usart.o(i.fputc)
    i.main                                   0x080024dc   Section        0  main.o(i.main)
    .constdata                               0x0800289c   Section     1520  lcd_fonts.o(.constdata)
    .data                                    0x20000000   Section       12  lcd_fonts.o(.data)
    g_LCD_FontEN                             0x20000008   Data           4  lcd_fonts.o(.data)
    .data                                    0x2000000c   Section       10  lcd_ili9341.o(.data)
    g_LCD_TextColor                          0x2000000e   Data           2  lcd_ili9341.o(.data)
    g_LCD_BackColor                          0x20000010   Data           2  lcd_ili9341.o(.data)
    .data                                    0x20000018   Section       26  nfc_pn532.o(.data)
    .data                                    0x20000032   Section       16  stm32f4xx_rcc.o(.data)
    APBAHBPrescTable                         0x20000032   Data          16  stm32f4xx_rcc.o(.data)
    .data                                    0x20000042   Section        9  main.o(.data)
    .data                                    0x2000004c   Section       20  system_stm32f4xx.o(.data)
    .data                                    0x20000060   Section        8  delay.o(.data)
    fac_us                                   0x20000060   Data           4  delay.o(.data)
    fac_ms                                   0x20000064   Data           4  delay.o(.data)
    .data                                    0x20000068   Section        4  stdout.o(.data)
    .bss                                     0x2000006c   Section      500  nfc_pn532.o(.bss)
    STACK                                    0x20000260   Section     1024  startup_stm32f40_41xxx.o(STACK)

    Global Symbols

    Symbol Name                              Value     Ov Type        Size  Object(Section)

    BuildAttributes$$THM_ISAv4$E$P$D$K$B$S$7EM$VFPi3$EXTD16$VFPS$VFMA$PE$A:L22UL41UL21$X:L11$S22US41US21$IEEE1$IW$USESV6$~STKCKD$USESV7$~SHL$OSPACE$ROPI$EBA8$MICROLIB$REQ8$PRES8$EABIv2 0x00000000   Number         0  anon$$obj.o ABSOLUTE
    __ARM_use_no_argv                        0x00000000   Number         0  main.o ABSOLUTE
    _printf_a                                0x00000000   Number         0  stubs.o ABSOLUTE
    _printf_c                                0x00000000   Number         0  stubs.o ABSOLUTE
    _printf_charcount                        0x00000000   Number         0  stubs.o ABSOLUTE
    _printf_d                                0x00000000   Number         0  stubs.o ABSOLUTE
    _printf_e                                0x00000000   Number         0  stubs.o ABSOLUTE
    _printf_f                                0x00000000   Number         0  stubs.o ABSOLUTE
    _printf_flags                            0x00000000   Number         0  stubs.o ABSOLUTE
    _printf_fp_dec                           0x00000000   Number         0  stubs.o ABSOLUTE
    _printf_fp_hex                           0x00000000   Number         0  stubs.o ABSOLUTE
    _printf_g                                0x00000000   Number         0  stubs.o ABSOLUTE
    _printf_i                                0x00000000   Number         0  stubs.o ABSOLUTE
    _printf_int_dec                          0x00000000   Number         0  stubs.o ABSOLUTE
    _printf_l                                0x00000000   Number         0  stubs.o ABSOLUTE
    _printf_lc                               0x00000000   Number         0  stubs.o ABSOLUTE
    _printf_ll                               0x00000000   Number         0  stubs.o ABSOLUTE
    _printf_lld                              0x00000000   Number         0  stubs.o ABSOLUTE
    _printf_lli                              0x00000000   Number         0  stubs.o ABSOLUTE
    _printf_llo                              0x00000000   Number         0  stubs.o ABSOLUTE
    _printf_llu                              0x00000000   Number         0  stubs.o ABSOLUTE
    _printf_llx                              0x00000000   Number         0  stubs.o ABSOLUTE
    _printf_longlong_dec                     0x00000000   Number         0  stubs.o ABSOLUTE
    _printf_longlong_hex                     0x00000000   Number         0  stubs.o ABSOLUTE
    _printf_longlong_oct                     0x00000000   Number         0  stubs.o ABSOLUTE
    _printf_ls                               0x00000000   Number         0  stubs.o ABSOLUTE
    _printf_mbtowc                           0x00000000   Number         0  stubs.o ABSOLUTE
    _printf_n                                0x00000000   Number         0  stubs.o ABSOLUTE
    _printf_o                                0x00000000   Number         0  stubs.o ABSOLUTE
    _printf_p                                0x00000000   Number         0  stubs.o ABSOLUTE
    _printf_percent                          0x00000000   Number         0  stubs.o ABSOLUTE
    _printf_pre_padding                      0x00000000   Number         0  stubs.o ABSOLUTE
    _printf_return_value                     0x00000000   Number         0  stubs.o ABSOLUTE
    _printf_s                                0x00000000   Number         0  stubs.o ABSOLUTE
    _printf_sizespec                         0x00000000   Number         0  stubs.o ABSOLUTE
    _printf_str                              0x00000000   Number         0  stubs.o ABSOLUTE
    _printf_truncate_signed                  0x00000000   Number         0  stubs.o ABSOLUTE
    _printf_truncate_unsigned                0x00000000   Number         0  stubs.o ABSOLUTE
    _printf_u                                0x00000000   Number         0  stubs.o ABSOLUTE
    _printf_wc                               0x00000000   Number         0  stubs.o ABSOLUTE
    _printf_wctomb                           0x00000000   Number         0  stubs.o ABSOLUTE
    _printf_widthprec                        0x00000000   Number         0  stubs.o ABSOLUTE
    _printf_x                                0x00000000   Number         0  stubs.o ABSOLUTE
    __cpp_initialize__aeabi_                  - Undefined Weak Reference
    __cxa_finalize                            - Undefined Weak Reference
    __decompress                              - Undefined Weak Reference
    _clock_init                               - Undefined Weak Reference
    _microlib_exit                            - Undefined Weak Reference
    __Vectors_Size                           0x00000188   Number         0  startup_stm32f40_41xxx.o ABSOLUTE
    __Vectors                                0x08000000   Data           4  startup_stm32f40_41xxx.o(RESET)
    __Vectors_End                            0x08000188   Data           0  startup_stm32f40_41xxx.o(RESET)
    __main                                   0x08000189   Thumb Code     0  entry.o(.ARM.Collect$$$$00000000)
    _main_stk                                0x08000189   Thumb Code     0  entry2.o(.ARM.Collect$$$$00000001)
    _main_scatterload                        0x0800018d   Thumb Code     0  entry5.o(.ARM.Collect$$$$00000004)
    __main_after_scatterload                 0x08000191   Thumb Code     0  entry5.o(.ARM.Collect$$$$00000004)
    _main_clock                              0x08000191   Thumb Code     0  entry7b.o(.ARM.Collect$$$$00000008)
    _main_cpp_init                           0x08000191   Thumb Code     0  entry8b.o(.ARM.Collect$$$$0000000A)
    _main_init                               0x08000191   Thumb Code     0  entry9a.o(.ARM.Collect$$$$0000000B)
    __rt_final_cpp                           0x08000199   Thumb Code     0  entry10a.o(.ARM.Collect$$$$0000000D)
    __rt_final_exit                          0x08000199   Thumb Code     0  entry11a.o(.ARM.Collect$$$$0000000F)
    Reset_Handler                            0x0800019d   Thumb Code     8  startup_stm32f40_41xxx.o(.text)
    ADC_IRQHandler                           0x080001b7   Thumb Code     0  startup_stm32f40_41xxx.o(.text)
    CAN1_RX0_IRQHandler                      0x080001b7   Thumb Code     0  startup_stm32f40_41xxx.o(.text)
    CAN1_RX1_IRQHandler                      0x080001b7   Thumb Code     0  startup_stm32f40_41xxx.o(.text)
    CAN1_SCE_IRQHandler                      0x080001b7   Thumb Code     0  startup_stm32f40_41xxx.o(.text)
    CAN1_TX_IRQHandler                       0x080001b7   Thumb Code     0  startup_stm32f40_41xxx.o(.text)
    CAN2_RX0_IRQHandler                      0x080001b7   Thumb Code     0  startup_stm32f40_41xxx.o(.text)
    CAN2_RX1_IRQHandler                      0x080001b7   Thumb Code     0  startup_stm32f40_41xxx.o(.text)
    CAN2_SCE_IRQHandler                      0x080001b7   Thumb Code     0  startup_stm32f40_41xxx.o(.text)
    CAN2_TX_IRQHandler                       0x080001b7   Thumb Code     0  startup_stm32f40_41xxx.o(.text)
    CRYP_IRQHandler                          0x080001b7   Thumb Code     0  startup_stm32f40_41xxx.o(.text)
    DCMI_IRQHandler                          0x080001b7   Thumb Code     0  startup_stm32f40_41xxx.o(.text)
    DMA1_Stream0_IRQHandler                  0x080001b7   Thumb Code     0  startup_stm32f40_41xxx.o(.text)
    DMA1_Stream1_IRQHandler                  0x080001b7   Thumb Code     0  startup_stm32f40_41xxx.o(.text)
    DMA1_Stream2_IRQHandler                  0x080001b7   Thumb Code     0  startup_stm32f40_41xxx.o(.text)
    DMA1_Stream3_IRQHandler                  0x080001b7   Thumb Code     0  startup_stm32f40_41xxx.o(.text)
    DMA1_Stream4_IRQHandler                  0x080001b7   Thumb Code     0  startup_stm32f40_41xxx.o(.text)
    DMA1_Stream5_IRQHandler                  0x080001b7   Thumb Code     0  startup_stm32f40_41xxx.o(.text)
    DMA1_Stream6_IRQHandler                  0x080001b7   Thumb Code     0  startup_stm32f40_41xxx.o(.text)
    DMA1_Stream7_IRQHandler                  0x080001b7   Thumb Code     0  startup_stm32f40_41xxx.o(.text)
    DMA2_Stream0_IRQHandler                  0x080001b7   Thumb Code     0  startup_stm32f40_41xxx.o(.text)
    DMA2_Stream1_IRQHandler                  0x080001b7   Thumb Code     0  startup_stm32f40_41xxx.o(.text)
    DMA2_Stream2_IRQHandler                  0x080001b7   Thumb Code     0  startup_stm32f40_41xxx.o(.text)
    DMA2_Stream3_IRQHandler                  0x080001b7   Thumb Code     0  startup_stm32f40_41xxx.o(.text)
    DMA2_Stream4_IRQHandler                  0x080001b7   Thumb Code     0  startup_stm32f40_41xxx.o(.text)
    DMA2_Stream5_IRQHandler                  0x080001b7   Thumb Code     0  startup_stm32f40_41xxx.o(.text)
    DMA2_Stream6_IRQHandler                  0x080001b7   Thumb Code     0  startup_stm32f40_41xxx.o(.text)
    DMA2_Stream7_IRQHandler                  0x080001b7   Thumb Code     0  startup_stm32f40_41xxx.o(.text)
    ETH_IRQHandler                           0x080001b7   Thumb Code     0  startup_stm32f40_41xxx.o(.text)
    ETH_WKUP_IRQHandler                      0x080001b7   Thumb Code     0  startup_stm32f40_41xxx.o(.text)
    EXTI0_IRQHandler                         0x080001b7   Thumb Code     0  startup_stm32f40_41xxx.o(.text)
    EXTI15_10_IRQHandler                     0x080001b7   Thumb Code     0  startup_stm32f40_41xxx.o(.text)
    EXTI1_IRQHandler                         0x080001b7   Thumb Code     0  startup_stm32f40_41xxx.o(.text)
    EXTI2_IRQHandler                         0x080001b7   Thumb Code     0  startup_stm32f40_41xxx.o(.text)
    EXTI3_IRQHandler                         0x080001b7   Thumb Code     0  startup_stm32f40_41xxx.o(.text)
    EXTI4_IRQHandler                         0x080001b7   Thumb Code     0  startup_stm32f40_41xxx.o(.text)
    EXTI9_5_IRQHandler                       0x080001b7   Thumb Code     0  startup_stm32f40_41xxx.o(.text)
    FLASH_IRQHandler                         0x080001b7   Thumb Code     0  startup_stm32f40_41xxx.o(.text)
    FPU_IRQHandler                           0x080001b7   Thumb Code     0  startup_stm32f40_41xxx.o(.text)
    FSMC_IRQHandler                          0x080001b7   Thumb Code     0  startup_stm32f40_41xxx.o(.text)
    HASH_RNG_IRQHandler                      0x080001b7   Thumb Code     0  startup_stm32f40_41xxx.o(.text)
    I2C1_ER_IRQHandler                       0x080001b7   Thumb Code     0  startup_stm32f40_41xxx.o(.text)
    I2C1_EV_IRQHandler                       0x080001b7   Thumb Code     0  startup_stm32f40_41xxx.o(.text)
    I2C2_ER_IRQHandler                       0x080001b7   Thumb Code     0  startup_stm32f40_41xxx.o(.text)
    I2C2_EV_IRQHandler                       0x080001b7   Thumb Code     0  startup_stm32f40_41xxx.o(.text)
    I2C3_ER_IRQHandler                       0x080001b7   Thumb Code     0  startup_stm32f40_41xxx.o(.text)
    I2C3_EV_IRQHandler                       0x080001b7   Thumb Code     0  startup_stm32f40_41xxx.o(.text)
    OTG_FS_IRQHandler                        0x080001b7   Thumb Code     0  startup_stm32f40_41xxx.o(.text)
    OTG_FS_WKUP_IRQHandler                   0x080001b7   Thumb Code     0  startup_stm32f40_41xxx.o(.text)
    OTG_HS_EP1_IN_IRQHandler                 0x080001b7   Thumb Code     0  startup_stm32f40_41xxx.o(.text)
    OTG_HS_EP1_OUT_IRQHandler                0x080001b7   Thumb Code     0  startup_stm32f40_41xxx.o(.text)
    OTG_HS_IRQHandler                        0x080001b7   Thumb Code     0  startup_stm32f40_41xxx.o(.text)
    OTG_HS_WKUP_IRQHandler                   0x080001b7   Thumb Code     0  startup_stm32f40_41xxx.o(.text)
    PVD_IRQHandler                           0x080001b7   Thumb Code     0  startup_stm32f40_41xxx.o(.text)
    RCC_IRQHandler                           0x080001b7   Thumb Code     0  startup_stm32f40_41xxx.o(.text)
    RTC_Alarm_IRQHandler                     0x080001b7   Thumb Code     0  startup_stm32f40_41xxx.o(.text)
    RTC_WKUP_IRQHandler                      0x080001b7   Thumb Code     0  startup_stm32f40_41xxx.o(.text)
    SDIO_IRQHandler                          0x080001b7   Thumb Code     0  startup_stm32f40_41xxx.o(.text)
    SPI1_IRQHandler                          0x080001b7   Thumb Code     0  startup_stm32f40_41xxx.o(.text)
    SPI2_IRQHandler                          0x080001b7   Thumb Code     0  startup_stm32f40_41xxx.o(.text)
    SPI3_IRQHandler                          0x080001b7   Thumb Code     0  startup_stm32f40_41xxx.o(.text)
    TAMP_STAMP_IRQHandler                    0x080001b7   Thumb Code     0  startup_stm32f40_41xxx.o(.text)
    TIM1_BRK_TIM9_IRQHandler                 0x080001b7   Thumb Code     0  startup_stm32f40_41xxx.o(.text)
    TIM1_CC_IRQHandler                       0x080001b7   Thumb Code     0  startup_stm32f40_41xxx.o(.text)
    TIM1_TRG_COM_TIM11_IRQHandler            0x080001b7   Thumb Code     0  startup_stm32f40_41xxx.o(.text)
    TIM1_UP_TIM10_IRQHandler                 0x080001b7   Thumb Code     0  startup_stm32f40_41xxx.o(.text)
    TIM2_IRQHandler                          0x080001b7   Thumb Code     0  startup_stm32f40_41xxx.o(.text)
    TIM3_IRQHandler                          0x080001b7   Thumb Code     0  startup_stm32f40_41xxx.o(.text)
    TIM4_IRQHandler                          0x080001b7   Thumb Code     0  startup_stm32f40_41xxx.o(.text)
    TIM5_IRQHandler                          0x080001b7   Thumb Code     0  startup_stm32f40_41xxx.o(.text)
    TIM6_DAC_IRQHandler                      0x080001b7   Thumb Code     0  startup_stm32f40_41xxx.o(.text)
    TIM7_IRQHandler                          0x080001b7   Thumb Code     0  startup_stm32f40_41xxx.o(.text)
    TIM8_BRK_TIM12_IRQHandler                0x080001b7   Thumb Code     0  startup_stm32f40_41xxx.o(.text)
    TIM8_CC_IRQHandler                       0x080001b7   Thumb Code     0  startup_stm32f40_41xxx.o(.text)
    TIM8_TRG_COM_TIM14_IRQHandler            0x080001b7   Thumb Code     0  startup_stm32f40_41xxx.o(.text)
    TIM8_UP_TIM13_IRQHandler                 0x080001b7   Thumb Code     0  startup_stm32f40_41xxx.o(.text)
    UART4_IRQHandler                         0x080001b7   Thumb Code     0  startup_stm32f40_41xxx.o(.text)
    UART5_IRQHandler                         0x080001b7   Thumb Code     0  startup_stm32f40_41xxx.o(.text)
    USART2_IRQHandler                        0x080001b7   Thumb Code     0  startup_stm32f40_41xxx.o(.text)
    USART3_IRQHandler                        0x080001b7   Thumb Code     0  startup_stm32f40_41xxx.o(.text)
    USART6_IRQHandler                        0x080001b7   Thumb Code     0  startup_stm32f40_41xxx.o(.text)
    WWDG_IRQHandler                          0x080001b7   Thumb Code     0  startup_stm32f40_41xxx.o(.text)
    __aeabi_memset                           0x080001c1   Thumb Code    14  memseta.o(.text)
    __aeabi_memset4                          0x080001c1   Thumb Code     0  memseta.o(.text)
    __aeabi_memset8                          0x080001c1   Thumb Code     0  memseta.o(.text)
    __aeabi_memclr                           0x080001cf   Thumb Code     4  memseta.o(.text)
    __aeabi_memclr4                          0x080001cf   Thumb Code     0  memseta.o(.text)
    __aeabi_memclr8                          0x080001cf   Thumb Code     0  memseta.o(.text)
    _memset$wrapper                          0x080001d3   Thumb Code    18  memseta.o(.text)
    __aeabi_uldivmod                         0x080001e5   Thumb Code    98  uldiv.o(.text)
    __scatterload                            0x08000249   Thumb Code    28  init.o(.text)
    __scatterload_rt2                        0x08000249   Thumb Code     0  init.o(.text)
    __aeabi_llsl                             0x0800026d   Thumb Code    30  llshl.o(.text)
    _ll_shift_l                              0x0800026d   Thumb Code     0  llshl.o(.text)
    __aeabi_llsr                             0x0800028b   Thumb Code    32  llushr.o(.text)
    _ll_ushift_r                             0x0800028b   Thumb Code     0  llushr.o(.text)
    BEEP_Init                                0x080002ad   Thumb Code    60  beep.o(i.BEEP_Init)
    BusFault_Handler                         0x080002ed   Thumb Code     4  stm32f4xx_it.o(i.BusFault_Handler)
    CAN1_Init                                0x080002f1   Thumb Code   196  can.o(i.CAN1_Init)
    CAN1_SendMsg                             0x080003bd   Thumb Code    60  can.o(i.CAN1_SendMsg)
    CAN_DeInit                               0x080003fd   Thumb Code    50  stm32f4xx_can.o(i.CAN_DeInit)
    CAN_FilterInit                           0x08000435   Thumb Code   258  stm32f4xx_can.o(i.CAN_FilterInit)
    CAN_Init                                 0x0800053d   Thumb Code   276  stm32f4xx_can.o(i.CAN_Init)
    CAN_Transmit                             0x08000651   Thumb Code   294  stm32f4xx_can.o(i.CAN_Transmit)
    DHT11_Init                               0x08000779   Thumb Code    24  dht11.o(i.DHT11_Init)
    DHT11_ReadBit                            0x080007e9   Thumb Code    62  dht11.o(i.DHT11_ReadBit)
    DHT11_ReadData                           0x08000851   Thumb Code   158  dht11.o(i.DHT11_ReadData)
    DHT11_WaitFor                            0x080008f5   Thumb Code    50  dht11.o(i.DHT11_WaitFor)
    DebugMon_Handler                         0x0800092d   Thumb Code     2  stm32f4xx_it.o(i.DebugMon_Handler)
    FSMC_NORSRAMCmd                          0x08000931   Thumb Code    46  stm32f4xx_fsmc.o(i.FSMC_NORSRAMCmd)
    FSMC_NORSRAMInit                         0x08000965   Thumb Code   230  stm32f4xx_fsmc.o(i.FSMC_NORSRAMInit)
    GPIO_Init                                0x08000a4b   Thumb Code   144  stm32f4xx_gpio.o(i.GPIO_Init)
    GPIO_PinAFConfig                         0x08000adb   Thumb Code    70  stm32f4xx_gpio.o(i.GPIO_PinAFConfig)
    GPIO_ReadInputDataBit                    0x08000b21   Thumb Code    18  stm32f4xx_gpio.o(i.GPIO_ReadInputDataBit)
    GPIO_ResetBits                           0x08000b33   Thumb Code     4  stm32f4xx_gpio.o(i.GPIO_ResetBits)
    GPIO_SetBits                             0x08000b37   Thumb Code     4  stm32f4xx_gpio.o(i.GPIO_SetBits)
    HardFault_Handler                        0x08000b3b   Thumb Code     4  stm32f4xx_it.o(i.HardFault_Handler)
    KEY_LED_Init                             0x08000f61   Thumb Code    80  key_led.o(i.KEY_LED_Init)
    KEY_Scan                                 0x08000fb9   Thumb Code    56  key_led.o(i.KEY_Scan)
    LCD_Clear                                0x08000ff5   Thumb Code    40  lcd_ili9341.o(i.LCD_Clear)
    LCD_DispMask                             0x08001021   Thumb Code   108  lcd_ili9341.o(i.LCD_DispMask)
    LCD_DispStringEN                         0x08001099   Thumb Code   114  lcd_ili9341.o(i.LCD_DispStringEN)
    LCD_GetFontEN                            0x08001115   Thumb Code     6  lcd_fonts.o(i.LCD_GetFontEN)
    LCD_GetLenX                              0x08001121   Thumb Code     6  lcd_ili9341.o(i.LCD_GetLenX)
    LCD_GetLenY                              0x0800112d   Thumb Code     6  lcd_ili9341.o(i.LCD_GetLenY)
    LCD_GetMaskEN                            0x08001139   Thumb Code    42  lcd_fonts.o(i.LCD_GetMaskEN)
    LCD_Init                                 0x08001169   Thumb Code    34  lcd_ili9341.o(i.LCD_Init)
    LCD_SetBackColor                         0x08001191   Thumb Code     6  lcd_ili9341.o(i.LCD_SetBackColor)
    LCD_SetFontEN                            0x0800119d   Thumb Code     6  lcd_fonts.o(i.LCD_SetFontEN)
    LCD_SetTextColor                         0x080011a9   Thumb Code     6  lcd_ili9341.o(i.LCD_SetTextColor)
    MemManage_Handler                        0x080013ed   Thumb Code     4  stm32f4xx_it.o(i.MemManage_Handler)
    NFC_Init                                 0x080013f1   Thumb Code   164  nfc_pn532.o(i.NFC_Init)
    NFC_ScanCard                             0x0800149d   Thumb Code    26  nfc_pn532.o(i.NFC_ScanCard)
    NFC_WakeUp                               0x080014bd   Thumb Code    94  nfc_pn532.o(i.NFC_WakeUp)
    NMI_Handler                              0x08001549   Thumb Code     2  stm32f4xx_it.o(i.NMI_Handler)
    NVIC_Init                                0x0800154d   Thumb Code   106  misc.o(i.NVIC_Init)
    PN532_CheckSum                           0x080016a1   Thumb Code    34  nfc_pn532.o(i.PN532_CheckSum)
    PN532_ClearRxBuf                         0x080016c5   Thumb Code    20  nfc_pn532.o(i.PN532_ClearRxBuf)
    PN532_InListPassiveTarget                0x080016e1   Thumb Code   202  nfc_pn532.o(i.PN532_InListPassiveTarget)
    PN532_SAMConfiguration                   0x080017b5   Thumb Code   122  nfc_pn532.o(i.PN532_SAMConfiguration)
    PN532_SendData                           0x08001831   Thumb Code    44  nfc_pn532.o(i.PN532_SendData)
    PendSV_Handler                           0x08001861   Thumb Code     2  stm32f4xx_it.o(i.PendSV_Handler)
    RCC_AHB1PeriphClockCmd                   0x08001865   Thumb Code    26  stm32f4xx_rcc.o(i.RCC_AHB1PeriphClockCmd)
    RCC_AHB3PeriphClockCmd                   0x08001885   Thumb Code    26  stm32f4xx_rcc.o(i.RCC_AHB3PeriphClockCmd)
    RCC_APB1PeriphClockCmd                   0x080018a5   Thumb Code    26  stm32f4xx_rcc.o(i.RCC_APB1PeriphClockCmd)
    RCC_APB1PeriphResetCmd                   0x080018c5   Thumb Code    26  stm32f4xx_rcc.o(i.RCC_APB1PeriphResetCmd)
    RCC_APB2PeriphClockCmd                   0x080018e5   Thumb Code    26  stm32f4xx_rcc.o(i.RCC_APB2PeriphClockCmd)
    RCC_APB2PeriphResetCmd                   0x08001905   Thumb Code    26  stm32f4xx_rcc.o(i.RCC_APB2PeriphResetCmd)
    RCC_GetClocksFreq                        0x08001925   Thumb Code   214  stm32f4xx_rcc.o(i.RCC_GetClocksFreq)
    SVC_Handler                              0x08001a0d   Thumb Code     2  stm32f4xx_it.o(i.SVC_Handler)
    SysTick_CLKSourceConfig                  0x08001afd   Thumb Code    40  misc.o(i.SysTick_CLKSourceConfig)
    SysTick_Handler                          0x08001b25   Thumb Code     2  stm32f4xx_it.o(i.SysTick_Handler)
    SysTick_Init                             0x08001b29   Thumb Code    40  delay.o(i.SysTick_Init)
    SystemInit                               0x08001b61   Thumb Code    88  system_stm32f4xx.o(i.SystemInit)
    UART2_Init                               0x08001bc9   Thumb Code   130  usart.o(i.UART2_Init)
    USART1_IRQHandler                        0x08001c55   Thumb Code    50  nfc_pn532.o(i.USART1_IRQHandler)
    USART_ClearITPendingBit                  0x08001c95   Thumb Code    30  stm32f4xx_usart.o(i.USART_ClearITPendingBit)
    USART_Cmd                                0x08001cb3   Thumb Code    24  stm32f4xx_usart.o(i.USART_Cmd)
    USART_DeInit                             0x08001ccd   Thumb Code   206  stm32f4xx_usart.o(i.USART_DeInit)
    USART_GetFlagStatus                      0x08001dbd   Thumb Code    26  stm32f4xx_usart.o(i.USART_GetFlagStatus)
    USART_GetITStatus                        0x08001dd7   Thumb Code    84  stm32f4xx_usart.o(i.USART_GetITStatus)
    USART_ITConfig                           0x08001e2b   Thumb Code    74  stm32f4xx_usart.o(i.USART_ITConfig)
    USART_Init                               0x08001e75   Thumb Code   204  stm32f4xx_usart.o(i.USART_Init)
    USART_ReceiveData                        0x08001f49   Thumb Code    10  stm32f4xx_usart.o(i.USART_ReceiveData)
    USART_SendData                           0x08001f53   Thumb Code     8  stm32f4xx_usart.o(i.USART_SendData)
    UsageFault_Handler                       0x08001f5b   Thumb Code     4  stm32f4xx_it.o(i.UsageFault_Handler)
    __0printf$8                              0x08001f61   Thumb Code    22  printf8.o(i.__0printf$8)
    __1printf$8                              0x08001f61   Thumb Code     0  printf8.o(i.__0printf$8)
    __2printf                                0x08001f61   Thumb Code     0  printf8.o(i.__0printf$8)
    __0sprintf$8                             0x08001f81   Thumb Code    34  printf8.o(i.__0sprintf$8)
    __1sprintf$8                             0x08001f81   Thumb Code     0  printf8.o(i.__0sprintf$8)
    __2sprintf                               0x08001f81   Thumb Code     0  printf8.o(i.__0sprintf$8)
    __scatterload_copy                       0x08001fa9   Thumb Code    14  handlers.o(i.__scatterload_copy)
    __scatterload_null                       0x08001fb7   Thumb Code     2  handlers.o(i.__scatterload_null)
    __scatterload_zeroinit                   0x08001fb9   Thumb Code    14  handlers.o(i.__scatterload_zeroinit)
    delay_ms                                 0x08002435   Thumb Code    54  delay.o(i.delay_ms)
    delay_us                                 0x0800246d   Thumb Code    72  delay.o(i.delay_us)
    fputc                                    0x080024b9   Thumb Code    32  usart.o(i.fputc)
    main                                     0x080024dd   Thumb Code   582  main.o(i.main)
    ASCII8x16_Table                          0x0800289c   Data        1520  lcd_fonts.o(.constdata)
    Region$$Table$$Base                      0x08002e8c   Number         0  anon$$obj.o(Region$$Table)
    Region$$Table$$Limit                     0x08002eac   Number         0  anon$$obj.o(Region$$Table)
    ASCII_8x16                               0x20000000   Data           8  lcd_fonts.o(.data)
    g_LCD_ScanMode                           0x2000000c   Data           1  lcd_ili9341.o(.data)
    g_LCD_LenX                               0x20000012   Data           2  lcd_ili9341.o(.data)
    g_LCD_LenY                               0x20000014   Data           2  lcd_ili9341.o(.data)
    MAX_TRY                                  0x20000018   Data           4  nfc_pn532.o(.data)
    UID                                      0x2000001c   Data           4  nfc_pn532.o(.data)
    UID_backup                               0x20000020   Data           4  nfc_pn532.o(.data)
    KEY_A                                    0x20000024   Data           6  nfc_pn532.o(.data)
    KEY_B                                    0x2000002a   Data           6  nfc_pn532.o(.data)
    PN532_RxBufLen                           0x20000030   Data           2  nfc_pn532.o(.data)
    sensor_buf                               0x20000042   Data           3  main.o(.data)
    dht_data                                 0x20000045   Data           5  main.o(.data)
    dht_ret                                  0x2000004a   Data           1  main.o(.data)
    SystemCoreClock                          0x2000004c   Data           4  system_stm32f4xx.o(.data)
    AHBPrescTable                            0x20000050   Data          16  system_stm32f4xx.o(.data)
    __stdout                                 0x20000068   Data           4  stdout.o(.data)
    PN532_RxBuf                              0x2000006c   Data         500  nfc_pn532.o(.bss)
    __initial_sp                             0x20000660   Data           0  startup_stm32f40_41xxx.o(STACK)



==============================================================================

Memory Map of the image

  Image Entry point : 0x08000189

  Load Region LR_IROM1 (Base: 0x08000000, Size: 0x00002f18, Max: 0x00080000, ABSOLUTE)

    Execution Region ER_IROM1 (Exec base: 0x08000000, Load base: 0x08000000, Size: 0x00002eac, Max: 0x00080000, ABSOLUTE)

    Exec Addr    Load Addr    Size         Type   Attr      Idx    E Section Name        Object

    0x08000000   0x08000000   0x00000188   Data   RO          612    RESET               startup_stm32f40_41xxx.o
    0x08000188   0x08000188   0x00000000   Code   RO         5571  * .ARM.Collect$$$$00000000  mc_w.l(entry.o)
    0x08000188   0x08000188   0x00000004   Code   RO         5841    .ARM.Collect$$$$00000001  mc_w.l(entry2.o)
    0x0800018c   0x0800018c   0x00000004   Code   RO         5844    .ARM.Collect$$$$00000004  mc_w.l(entry5.o)
    0x08000190   0x08000190   0x00000000   Code   RO         5846    .ARM.Collect$$$$00000008  mc_w.l(entry7b.o)
    0x08000190   0x08000190   0x00000000   Code   RO         5848    .ARM.Collect$$$$0000000A  mc_w.l(entry8b.o)
    0x08000190   0x08000190   0x00000008   Code   RO         5849    .ARM.Collect$$$$0000000B  mc_w.l(entry9a.o)
    0x08000198   0x08000198   0x00000000   Code   RO         5851    .ARM.Collect$$$$0000000D  mc_w.l(entry10a.o)
    0x08000198   0x08000198   0x00000000   Code   RO         5853    .ARM.Collect$$$$0000000F  mc_w.l(entry11a.o)
    0x08000198   0x08000198   0x00000004   Code   RO         5842    .ARM.Collect$$$$00002712  mc_w.l(entry2.o)
    0x0800019c   0x0800019c   0x00000024   Code   RO          613    .text               startup_stm32f40_41xxx.o
    0x080001c0   0x080001c0   0x00000024   Code   RO         5576    .text               mc_w.l(memseta.o)
    0x080001e4   0x080001e4   0x00000062   Code   RO         5858    .text               mc_w.l(uldiv.o)
    0x08000246   0x08000246   0x00000002   PAD
    0x08000248   0x08000248   0x00000024   Code   RO         5871    .text               mc_w.l(init.o)
    0x0800026c   0x0800026c   0x0000001e   Code   RO         5873    .text               mc_w.l(llshl.o)
    0x0800028a   0x0800028a   0x00000020   Code   RO         5875    .text               mc_w.l(llushr.o)
    0x080002aa   0x080002aa   0x00000002   PAD
    0x080002ac   0x080002ac   0x00000040   Code   RO          273    i.BEEP_Init         beep.o
    0x080002ec   0x080002ec   0x00000004   Code   RO         5408    i.BusFault_Handler  stm32f4xx_it.o
    0x080002f0   0x080002f0   0x000000cc   Code   RO            3    i.CAN1_Init         can.o
    0x080003bc   0x080003bc   0x00000040   Code   RO            4    i.CAN1_SendMsg      can.o
    0x080003fc   0x080003fc   0x00000038   Code   RO          909    i.CAN_DeInit        stm32f4xx_can.o
    0x08000434   0x08000434   0x00000108   Code   RO          911    i.CAN_FilterInit    stm32f4xx_can.o
    0x0800053c   0x0800053c   0x00000114   Code   RO          918    i.CAN_Init          stm32f4xx_can.o
    0x08000650   0x08000650   0x00000126   Code   RO          926    i.CAN_Transmit      stm32f4xx_can.o
    0x08000776   0x08000776   0x00000002   PAD
    0x08000778   0x08000778   0x0000001c   Code   RO          178    i.DHT11_Init        dht11.o
    0x08000794   0x08000794   0x00000028   Code   RO          179    i.DHT11_Mode_IN     dht11.o
    0x080007bc   0x080007bc   0x0000002c   Code   RO          180    i.DHT11_Mode_OUT    dht11.o
    0x080007e8   0x080007e8   0x00000044   Code   RO          181    i.DHT11_ReadBit     dht11.o
    0x0800082c   0x0800082c   0x00000022   Code   RO          182    i.DHT11_ReadByte    dht11.o
    0x0800084e   0x0800084e   0x00000002   PAD
    0x08000850   0x08000850   0x000000a4   Code   RO          183    i.DHT11_ReadData    dht11.o
    0x080008f4   0x080008f4   0x00000038   Code   RO          184    i.DHT11_WaitFor     dht11.o
    0x0800092c   0x0800092c   0x00000002   Code   RO         5409    i.DebugMon_Handler  stm32f4xx_it.o
    0x0800092e   0x0800092e   0x00000002   PAD
    0x08000930   0x08000930   0x00000034   Code   RO         2221    i.FSMC_NORSRAMCmd   stm32f4xx_fsmc.o
    0x08000964   0x08000964   0x000000e6   Code   RO         2223    i.FSMC_NORSRAMInit  stm32f4xx_fsmc.o
    0x08000a4a   0x08000a4a   0x00000090   Code   RO         2342    i.GPIO_Init         stm32f4xx_gpio.o
    0x08000ada   0x08000ada   0x00000046   Code   RO         2343    i.GPIO_PinAFConfig  stm32f4xx_gpio.o
    0x08000b20   0x08000b20   0x00000012   Code   RO         2346    i.GPIO_ReadInputDataBit  stm32f4xx_gpio.o
    0x08000b32   0x08000b32   0x00000004   Code   RO         2349    i.GPIO_ResetBits    stm32f4xx_gpio.o
    0x08000b36   0x08000b36   0x00000004   Code   RO         2350    i.GPIO_SetBits      stm32f4xx_gpio.o
    0x08000b3a   0x08000b3a   0x00000004   Code   RO         5410    i.HardFault_Handler  stm32f4xx_it.o
    0x08000b3e   0x08000b3e   0x00000002   PAD
    0x08000b40   0x08000b40   0x00000024   Code   RO          335    i.ILI9341_BackLight  lcd_ili9341.o
    0x08000b64   0x08000b64   0x0000005e   Code   RO          336    i.ILI9341_FSMC_Config  lcd_ili9341.o
    0x08000bc2   0x08000bc2   0x00000002   PAD
    0x08000bc4   0x08000bc4   0x00000020   Code   RO          337    i.ILI9341_FillColor  lcd_ili9341.o
    0x08000be4   0x08000be4   0x0000013c   Code   RO          338    i.ILI9341_GPIO_Config  lcd_ili9341.o
    0x08000d20   0x08000d20   0x00000074   Code   RO          339    i.ILI9341_GramScan  lcd_ili9341.o
    0x08000d94   0x08000d94   0x00000050   Code   RO          340    i.ILI9341_OpenWindow  lcd_ili9341.o
    0x08000de4   0x08000de4   0x00000158   Code   RO          341    i.ILI9341_REG_Config  lcd_ili9341.o
    0x08000f3c   0x08000f3c   0x00000024   Code   RO          342    i.ILI9341_Rst       lcd_ili9341.o
    0x08000f60   0x08000f60   0x00000058   Code   RO          244    i.KEY_LED_Init      key_led.o
    0x08000fb8   0x08000fb8   0x0000003c   Code   RO          245    i.KEY_Scan          key_led.o
    0x08000ff4   0x08000ff4   0x0000002c   Code   RO          343    i.LCD_Clear         lcd_ili9341.o
    0x08001020   0x08001020   0x00000078   Code   RO          344    i.LCD_DispMask      lcd_ili9341.o
    0x08001098   0x08001098   0x0000007c   Code   RO          345    i.LCD_DispStringEN  lcd_ili9341.o
    0x08001114   0x08001114   0x0000000c   Code   RO          296    i.LCD_GetFontEN     lcd_fonts.o
    0x08001120   0x08001120   0x0000000c   Code   RO          351    i.LCD_GetLenX       lcd_ili9341.o
    0x0800112c   0x0800112c   0x0000000c   Code   RO          352    i.LCD_GetLenY       lcd_ili9341.o
    0x08001138   0x08001138   0x00000030   Code   RO          297    i.LCD_GetMaskEN     lcd_fonts.o
    0x08001168   0x08001168   0x00000028   Code   RO          354    i.LCD_Init          lcd_ili9341.o
    0x08001190   0x08001190   0x0000000c   Code   RO          355    i.LCD_SetBackColor  lcd_ili9341.o
    0x0800119c   0x0800119c   0x0000000c   Code   RO          298    i.LCD_SetFontEN     lcd_fonts.o
    0x080011a8   0x080011a8   0x0000000c   Code   RO          358    i.LCD_SetTextColor  lcd_ili9341.o
    0x080011b4   0x080011b4   0x00000238   Code   RO         5349    i.LCD_ShowSensor    main.o
    0x080013ec   0x080013ec   0x00000004   Code   RO         5411    i.MemManage_Handler  stm32f4xx_it.o
    0x080013f0   0x080013f0   0x000000ac   Code   RO          495    i.NFC_Init          nfc_pn532.o
    0x0800149c   0x0800149c   0x00000020   Code   RO          497    i.NFC_ScanCard      nfc_pn532.o
    0x080014bc   0x080014bc   0x0000008c   Code   RO          498    i.NFC_WakeUp        nfc_pn532.o
    0x08001548   0x08001548   0x00000002   Code   RO         5412    i.NMI_Handler       stm32f4xx_it.o
    0x0800154a   0x0800154a   0x00000002   PAD
    0x0800154c   0x0800154c   0x00000078   Code   RO          619    i.NVIC_Init         misc.o
    0x080015c4   0x080015c4   0x000000dc   Code   RO          500    i.PN532_CheckRxBuf  nfc_pn532.o
    0x080016a0   0x080016a0   0x00000022   Code   RO          501    i.PN532_CheckSum    nfc_pn532.o
    0x080016c2   0x080016c2   0x00000002   PAD
    0x080016c4   0x080016c4   0x0000001c   Code   RO          502    i.PN532_ClearRxBuf  nfc_pn532.o
    0x080016e0   0x080016e0   0x000000d4   Code   RO          503    i.PN532_InListPassiveTarget  nfc_pn532.o
    0x080017b4   0x080017b4   0x0000007a   Code   RO          506    i.PN532_SAMConfiguration  nfc_pn532.o
    0x0800182e   0x0800182e   0x00000002   PAD
    0x08001830   0x08001830   0x00000030   Code   RO          507    i.PN532_SendData    nfc_pn532.o
    0x08001860   0x08001860   0x00000002   Code   RO         5413    i.PendSV_Handler    stm32f4xx_it.o
    0x08001862   0x08001862   0x00000002   PAD
    0x08001864   0x08001864   0x00000020   Code   RO         3206    i.RCC_AHB1PeriphClockCmd  stm32f4xx_rcc.o
    0x08001884   0x08001884   0x00000020   Code   RO         3212    i.RCC_AHB3PeriphClockCmd  stm32f4xx_rcc.o
    0x080018a4   0x080018a4   0x00000020   Code   RO         3215    i.RCC_APB1PeriphClockCmd  stm32f4xx_rcc.o
    0x080018c4   0x080018c4   0x00000020   Code   RO         3217    i.RCC_APB1PeriphResetCmd  stm32f4xx_rcc.o
    0x080018e4   0x080018e4   0x00000020   Code   RO         3218    i.RCC_APB2PeriphClockCmd  stm32f4xx_rcc.o
    0x08001904   0x08001904   0x00000020   Code   RO         3220    i.RCC_APB2PeriphResetCmd  stm32f4xx_rcc.o
    0x08001924   0x08001924   0x000000e8   Code   RO         3227    i.RCC_GetClocksFreq  stm32f4xx_rcc.o
    0x08001a0c   0x08001a0c   0x00000002   Code   RO         5414    i.SVC_Handler       stm32f4xx_it.o
    0x08001a0e   0x08001a0e   0x00000002   PAD
    0x08001a10   0x08001a10   0x000000ec   Code   RO         5479    i.SetSysClock       system_stm32f4xx.o
    0x08001afc   0x08001afc   0x00000028   Code   RO          623    i.SysTick_CLKSourceConfig  misc.o
    0x08001b24   0x08001b24   0x00000002   Code   RO         5415    i.SysTick_Handler   stm32f4xx_it.o
    0x08001b26   0x08001b26   0x00000002   PAD
    0x08001b28   0x08001b28   0x00000038   Code   RO         5516    i.SysTick_Init      delay.o
    0x08001b60   0x08001b60   0x00000068   Code   RO         5481    i.SystemInit        system_stm32f4xx.o
    0x08001bc8   0x08001bc8   0x0000008c   Code   RO          139    i.UART2_Init        usart.o
    0x08001c54   0x08001c54   0x00000040   Code   RO          509    i.USART1_IRQHandler  nfc_pn532.o
    0x08001c94   0x08001c94   0x0000001e   Code   RO         5100    i.USART_ClearITPendingBit  stm32f4xx_usart.o
    0x08001cb2   0x08001cb2   0x00000018   Code   RO         5103    i.USART_Cmd         stm32f4xx_usart.o
    0x08001cca   0x08001cca   0x00000002   PAD
    0x08001ccc   0x08001ccc   0x000000f0   Code   RO         5105    i.USART_DeInit      stm32f4xx_usart.o
    0x08001dbc   0x08001dbc   0x0000001a   Code   RO         5106    i.USART_GetFlagStatus  stm32f4xx_usart.o
    0x08001dd6   0x08001dd6   0x00000054   Code   RO         5107    i.USART_GetITStatus  stm32f4xx_usart.o
    0x08001e2a   0x08001e2a   0x0000004a   Code   RO         5109    i.USART_ITConfig    stm32f4xx_usart.o
    0x08001e74   0x08001e74   0x000000d4   Code   RO         5110    i.USART_Init        stm32f4xx_usart.o
    0x08001f48   0x08001f48   0x0000000a   Code   RO         5117    i.USART_ReceiveData  stm32f4xx_usart.o
    0x08001f52   0x08001f52   0x00000008   Code   RO         5120    i.USART_SendData    stm32f4xx_usart.o
    0x08001f5a   0x08001f5a   0x00000004   Code   RO         5416    i.UsageFault_Handler  stm32f4xx_it.o
    0x08001f5e   0x08001f5e   0x00000002   PAD
    0x08001f60   0x08001f60   0x00000020   Code   RO         5787    i.__0printf$8       mc_w.l(printf8.o)
    0x08001f80   0x08001f80   0x00000028   Code   RO         5789    i.__0sprintf$8      mc_w.l(printf8.o)
    0x08001fa8   0x08001fa8   0x0000000e   Code   RO         5883    i.__scatterload_copy  mc_w.l(handlers.o)
    0x08001fb6   0x08001fb6   0x00000002   Code   RO         5884    i.__scatterload_null  mc_w.l(handlers.o)
    0x08001fb8   0x08001fb8   0x0000000e   Code   RO         5885    i.__scatterload_zeroinit  mc_w.l(handlers.o)
    0x08001fc6   0x08001fc6   0x00000002   PAD
    0x08001fc8   0x08001fc8   0x00000410   Code   RO         5794    i._printf_core      mc_w.l(printf8.o)
    0x080023d8   0x080023d8   0x00000024   Code   RO         5795    i._printf_post_padding  mc_w.l(printf8.o)
    0x080023fc   0x080023fc   0x0000002e   Code   RO         5796    i._printf_pre_padding  mc_w.l(printf8.o)
    0x0800242a   0x0800242a   0x0000000a   Code   RO         5798    i._sputc            mc_w.l(printf8.o)
    0x08002434   0x08002434   0x00000036   Code   RO         5517    i.delay_ms          delay.o
    0x0800246a   0x0800246a   0x00000002   PAD
    0x0800246c   0x0800246c   0x0000004c   Code   RO         5518    i.delay_us          delay.o
    0x080024b8   0x080024b8   0x00000024   Code   RO          141    i.fputc             usart.o
    0x080024dc   0x080024dc   0x000003c0   Code   RO         5350    i.main              main.o
    0x0800289c   0x0800289c   0x000005f0   Data   RO          299    .constdata          lcd_fonts.o
    0x08002e8c   0x08002e8c   0x00000020   Data   RO         5881    Region$$Table       anon$$obj.o


    Execution Region RW_IRAM2 (Exec base: 0x10000000, Load base: 0x08002f18, Size: 0x00000000, Max: 0x00010000, ABSOLUTE)

    **** No section assigned to this execution region ****


    Execution Region RW_IRAM1 (Exec base: 0x20000000, Load base: 0x08002eac, Size: 0x00000660, Max: 0x00020000, ABSOLUTE)

    Exec Addr    Load Addr    Size         Type   Attr      Idx    E Section Name        Object

    0x20000000   0x08002eac   0x0000000c   Data   RW          300    .data               lcd_fonts.o
    0x2000000c   0x08002eb8   0x0000000a   Data   RW          359    .data               lcd_ili9341.o
    0x20000016   0x08002ec2   0x00000002   PAD
    0x20000018   0x08002ec4   0x0000001a   Data   RW          511    .data               nfc_pn532.o
    0x20000032   0x08002ede   0x00000010   Data   RW         3259    .data               stm32f4xx_rcc.o
    0x20000042   0x08002eee   0x00000009   Data   RW         5351    .data               main.o
    0x2000004b   0x08002ef7   0x00000001   PAD
    0x2000004c   0x08002ef8   0x00000014   Data   RW         5482    .data               system_stm32f4xx.o
    0x20000060   0x08002f0c   0x00000008   Data   RW         5519    .data               delay.o
    0x20000068   0x08002f14   0x00000004   Data   RW         5855    .data               mc_w.l(stdout.o)
    0x2000006c        -       0x000001f4   Zero   RW          510    .bss                nfc_pn532.o
    0x20000260        -       0x00000400   Zero   RW          610    STACK               startup_stm32f40_41xxx.o


==============================================================================

Image component sizes


      Code (inc. data)   RO Data    RW Data    ZI Data      Debug   Object Name

        64          4          0          0          0        496   beep.o
       268         12          0          0          0     279747   can.o
       186         20          0          8          0       1813   delay.o
       434         32          0          0          0       4826   dht11.o
       148         12          0          0          0       1070   key_led.o
        72         18       1520         12          0       2673   lcd_fonts.o
      1430        110          0         10          0      11574   lcd_ili9341.o
      1528        540          0          9          0       2651   main.o
       160         14          0          0          0       1646   misc.o
      1072        106          0         26        500       7565   nfc_pn532.o
        36          8        392          0       1024        820   startup_stm32f40_41xxx.o
       890         12          0          0          0       3800   stm32f4xx_can.o
       282          6          0          0          0       1925   stm32f4xx_fsmc.o
       240          0          0          0          0       3611   stm32f4xx_gpio.o
        26          0          0          0          0       4022   stm32f4xx_it.o
       424         54          0         16          0       6462   stm32f4xx_rcc.o
       708         42          0          0          0       6878   stm32f4xx_usart.o
       340         32          0         20          0       1857   system_stm32f4xx.o
       176         14          0          0          0       2817   usart.o

    ----------------------------------------------------------------------
      8512       1036       1944        104       1524     346253   Object Totals
         0          0         32          0          0          0   (incl. Generated)
        28          0          0          3          0          0   (incl. Padding)

    ----------------------------------------------------------------------

      Code (inc. data)   RO Data    RW Data    ZI Data      Debug   Library Member Name

         0          0          0          0          0          0   entry.o
         0          0          0          0          0          0   entry10a.o
         0          0          0          0          0          0   entry11a.o
         8          4          0          0          0          0   entry2.o
         4          0          0          0          0          0   entry5.o
         0          0          0          0          0          0   entry7b.o
         0          0          0          0          0          0   entry8b.o
         8          4          0          0          0          0   entry9a.o
        30          0          0          0          0          0   handlers.o
        36          8          0          0          0         68   init.o
        30          0          0          0          0         68   llshl.o
        32          0          0          0          0         68   llushr.o
        36          0          0          0          0        108   memseta.o
      1204         60          0          0          0        504   printf8.o
         0          0          0          4          0          0   stdout.o
        98          0          0          0          0         92   uldiv.o

    ----------------------------------------------------------------------
      1492         76          0          4          0        908   Library Totals
         6          0          0          0          0          0   (incl. Padding)

    ----------------------------------------------------------------------

      Code (inc. data)   RO Data    RW Data    ZI Data      Debug   Library Name

      1486         76          0          4          0        908   mc_w.l

    ----------------------------------------------------------------------
      1492         76          0          4          0        908   Library Totals

    ----------------------------------------------------------------------

==============================================================================


      Code (inc. data)   RO Data    RW Data    ZI Data      Debug   

     10004       1112       1944        108       1524     338749   Grand Totals
     10004       1112       1944        108       1524     338749   ELF Image Totals
     10004       1112       1944        108          0          0   ROM Totals

==============================================================================

    Total RO  Size (Code + RO Data)                11948 (  11.67kB)
    Total RW  Size (RW Data + ZI Data)              1632 (   1.59kB)
    Total ROM Size (Code + RO Data + RW Data)      12056 (  11.77kB)

==============================================================================

