<html>
<body>
<pre>
<h1>礦ision Build Log</h1>
<h2>Tool Versions:</h2>
IDE-Version: μVision V5.25.2.0
Copyright (C) 2018 ARM Ltd and ARM Germany GmbH. All rights reserved.
License Information: haha Simon, com, LIC=21E4T-R58GN-Y8AFK-ZUBLA-T85HR-QSFX5
 
Tool Versions:
Toolchain:       MDK-ARM Plus  Version: 5.25.2.0
Toolchain Path:  C:\Keil_v5\ARM\ARMCC\Bin
C Compiler:      Armcc.exe V5.06 update 6 (build 750)
Assembler:       Armasm.exe V5.06 update 6 (build 750)
Linker/Locator:  ArmLink.exe V5.06 update 6 (build 750)
Library Manager: ArmAr.exe V5.06 update 6 (build 750)
Hex Converter:   FromElf.exe V5.06 update 6 (build 750)
CPU DLL:         SARMCM3.DLL V5.25.2.0
Dialog DLL:      DCM.DLL V1.17.1.0
Target DLL:      CMSIS_AGDI.dll V1.29.10.0
Dialog DLL:      TCM.DLL V1.35.1.0
 
<h2>Project:</h2>
D:\我的STM32工程\实验7CAN总线自发自收\USER\Template.uvprojx
Project File Date:  07/14/2026

<h2>Output:</h2>
*** Using Compiler 'V5.06 update 6 (build 750)', folder: 'C:\Keil_v5\ARM\ARMCC\Bin'
Rebuild target 'Template'
assembling startup_stm32f40_41xxx.s...
compiling stm32f4xx_adc.c...
compiling stm32f4xx_dbgmcu.c...
compiling stm32f4xx_cryp_tdes.c...
compiling stm32f4xx_cryp.c...
compiling usart.c...
..\BSP\usart.h(10): warning:  #1-D: last line of file ends without a newline
  #endif
..\BSP\usart.c(116): warning:  #1-D: last line of file ends without a newline
  }
..\BSP\usart.c: 2 warnings, 0 errors
compiling misc.c...
compiling stm32f4xx_crc.c...
compiling can.c...
..\BSP\can.h(9): warning:  #1-D: last line of file ends without a newline
  #endif
..\BSP\usart.h(10): warning:  #1-D: last line of file ends without a newline
  #endif
..\BSP\can.c(115): warning:  #1-D: last line of file ends without a newline
  }
..\BSP\can.c: 3 warnings, 0 errors
compiling stm32f4xx_dma.c...
compiling stm32f4xx_can.c...
compiling stm32f4xx_cryp_des.c...
compiling stm32f4xx_dac.c...
compiling stm32f4xx_dcmi.c...
compiling stm32f4xx_dma2d.c...
compiling stm32f4xx_cryp_aes.c...
compiling stm32f4xx_exti.c...
compiling stm32f4xx_flash_ramfunc.c...
compiling stm32f4xx_flash.c...
compiling stm32f4xx_fsmc.c...
compiling stm32f4xx_gpio.c...
compiling stm32f4xx_hash.c...
compiling stm32f4xx_hash_md5.c...
compiling stm32f4xx_hash_sha1.c...
compiling stm32f4xx_i2c.c...
compiling stm32f4xx_iwdg.c...
compiling stm32f4xx_ltdc.c...
compiling stm32f4xx_pwr.c...
compiling stm32f4xx_rcc.c...
compiling stm32f4xx_rng.c...
compiling stm32f4xx_rtc.c...
compiling stm32f4xx_sai.c...
compiling stm32f4xx_sdio.c...
compiling stm32f4xx_spi.c...
compiling stm32f4xx_syscfg.c...
compiling stm32f4xx_tim.c...
compiling stm32f4xx_usart.c...
compiling stm32f4xx_wwdg.c...
compiling main.c...
..\BSP\usart.h(10): warning:  #1-D: last line of file ends without a newline
  #endif
..\UTILS\delay.h(10): warning:  #1-D: last line of file ends without a newline
  #endif
..\BSP\can.h(9): warning:  #1-D: last line of file ends without a newline
  #endif
main.c(18): warning:  #1-D: last line of file ends without a newline
  }
main.c: 4 warnings, 0 errors
compiling stm32f4xx_it.c...
compiling system_stm32f4xx.c...
compiling delay.c...
..\UTILS\delay.h(10): warning:  #1-D: last line of file ends without a newline
  #endif
..\UTILS\delay.c(39): warning:  #1-D: last line of file ends without a newline
  }
..\UTILS\delay.c: 2 warnings, 0 errors
compiling utils.c...
..\UTILS\utils.h(8): warning:  #1-D: last line of file ends without a newline
  #endif
..\UTILS\utils.c(6): warning:  #1-D: last line of file ends without a newline
  }
..\UTILS\utils.c: 2 warnings, 0 errors
linking...
Program Size: Code=5112 RO-data=424 RW-data=48 ZI-data=1024  
FromELF: creating hex file...
".\Objects\Template.axf" - 0 Error(s), 13 Warning(s).

<h2>Software Packages used:</h2>

Package Vendor: Keil
                http://www.keil.com/pack/Keil.STM32F4xx_DFP.1.0.8.pack
                Keil.STM32F4xx_DFP.1.0.8
                STMicroelectronics STM32F4 Series Device Support, Drivers and Examples

<h2>Collection of Component include folders:</h2>
  .\RTE\_Template
  C:\Keil_v5\ARM\PACK\Keil\STM32F4xx_DFP\1.0.8\Device\Include

<h2>Collection of Component Files used:</h2>
Build Time Elapsed:  00:00:03
</pre>
</body>
</html>
